
===== RQ3 LOG: BPI2013 =====
    [BPI2013][NE-NEPr] fold 1/5: 158.0s
    [BPI2013][NE-NEPr] fold 2/5: 155.3s
    [BPI2013][NE-NEPr] fold 3/5: 154.1s
    [BPI2013][NE-NEPr] fold 4/5: 154.6s
    [BPI2013][NE-NEPr] fold 5/5: 156.6s
  [NE-NEPr] 778.6s
    [BPI2013][NE-NPaA] fold 1/5: 158.2s
    [BPI2013][NE-NPaA] fold 2/5: 156.8s
    [BPI2013][NE-NPaA] fold 3/5: 155.3s
    [BPI2013][NE-NPaA] fold 4/5: 156.0s
    [BPI2013][NE-NPaA] fold 5/5: 157.7s
  [NE-NPaA] 784.1s
    [BPI2013][NE-NEPa] fold 1/5: 160.1s
    [BPI2013][NE-NEPa] fold 2/5: 158.2s
    [BPI2013][NE-NEPa] fold 3/5: 155.4s
    [BPI2013][NE-NEPa] fold 4/5: 157.4s
    [BPI2013][NE-NEPa] fold 5/5: 160.2s
  [NE-NEPa] 791.5s
    [BPI2013][NE-NPaM] fold 1/5: 46.9s
    [BPI2013][NE-NPaM] fold 2/5: 45.8s
    [BPI2013][NE-NPaM] fold 3/5: 44.9s
    [BPI2013][NE-NPaM] fold 4/5: 46.7s
    [BPI2013][NE-NPaM] fold 5/5: 48.8s
  [NE-NPaM] 233.2s
    [BPI2013][NE-NMPa] fold 1/5: 0.2s
    [BPI2013][NE-NMPa] fold 2/5: 0.2s
    [BPI2013][NE-NMPa] fold 3/5: 0.3s
    [BPI2013][NE-NMPa] fold 4/5: 0.3s
    [BPI2013][NE-NMPa] fold 5/5: 0.3s
  [NE-NMPa] 1.4s
    [BPI2013][NE-NMPr] fold 1/5: 0.3s
    [BPI2013][NE-NMPr] fold 2/5: 0.3s
    [BPI2013][NE-NMPr] fold 3/5: 0.3s
    [BPI2013][NE-NMPr] fold 4/5: 0.3s
    [BPI2013][NE-NMPr] fold 5/5: 0.3s
  [NE-NMPr] 1.6s
    [BPI2013][NV-PrT] fold 1/5: 156.8s
    [BPI2013][NV-PrT] fold 2/5: 155.6s
    [BPI2013][NV-PrT] fold 3/5: 153.7s
    [BPI2013][NV-PrT] fold 4/5: 154.5s
    [BPI2013][NV-PrT] fold 5/5: 158.2s
  [NV-PrT] 778.9s
    [BPI2013][NV-PaT] fold 1/5: 156.8s
    [BPI2013][NV-PaT] fold 2/5: 155.4s
    [BPI2013][NV-PaT] fold 3/5: 154.4s
    [BPI2013][NV-PaT] fold 4/5: 152.0s
    [BPI2013][NV-PaT] fold 5/5: 155.7s
  [NV-PaT] 774.5s
    [BPI2013][NV-TNE] fold 1/5: 153.3s
    [BPI2013][NV-TNE] fold 2/5: 153.4s
    [BPI2013][NV-TNE] fold 3/5: 150.5s
    [BPI2013][NV-TNE] fold 4/5: 152.6s
    [BPI2013][NV-TNE] fold 5/5: 156.6s
  [NV-TNE] 766.4s
    [BPI2013][NV-TNM] fold 1/5: 47.1s
    [BPI2013][NV-TNM] fold 2/5: 45.2s
    [BPI2013][NV-TNM] fold 3/5: 44.5s
    [BPI2013][NV-TNM] fold 4/5: 45.5s
    [BPI2013][NV-TNM] fold 5/5: 47.9s
  [NV-TNM] 230.3s
    [BPI2013][NV-NMPr] fold 1/5: 156.8s
    [BPI2013][NV-NMPr] fold 2/5: 153.8s
    [BPI2013][NV-NMPr] fold 3/5: 275.1s
    [BPI2013][NV-NMPr] fold 4/5: 301.4s
    [BPI2013][NV-NMPr] fold 5/5: 308.0s
  [NV-NMPr] 1195.3s
    [BPI2013][NV-NMPa] fold 1/5: 306.6s
    [BPI2013][NV-NMPa] fold 2/5: 299.6s
    [BPI2013][NV-NMPa] fold 3/5: 295.5s
    [BPI2013][NV-NMPa] fold 4/5: 295.9s
    [BPI2013][NV-NMPa] fold 5/5: 301.2s
  [NV-NMPa] 1499.3s
    [BPI2013][OB-P] fold 1/5: 300.5s
    [BPI2013][OB-P] fold 2/5: 297.6s
    [BPI2013][OB-P] fold 3/5: 294.0s
    [BPI2013][OB-P] fold 4/5: 297.8s
    [BPI2013][OB-P] fold 5/5: 303.4s
  [OB-P] 1493.5s
    [BPI2013][OB-M] fold 1/5: 300.6s
    [BPI2013][OB-M] fold 2/5: 298.8s
    [BPI2013][OB-M] fold 3/5: 298.8s
    [BPI2013][OB-M] fold 4/5: 302.5s
    [BPI2013][OB-M] fold 5/5: 308.2s
  [OB-M] 1509.1s
  [time] BPI2013 total: 10879.1s
