
===== RQ3 LOG: BPI2013 =====
    [BPI2013][NE-NEPr] fold 1/5: 1202.9s
    [BPI2013][NE-NEPr] fold 2/5: 1195.1s
    [BPI2013][NE-NEPr] fold 3/5: 1193.3s
    [BPI2013][NE-NEPr] fold 4/5: 1190.8s
    [BPI2013][NE-NEPr] fold 5/5: 1201.7s
  [NE-NEPr] 5983.9s
    [BPI2013][NE-NPaA] fold 1/5: 1198.4s
    [BPI2013][NE-NPaA] fold 2/5: 1067.9s
    [BPI2013][NE-NPaA] fold 3/5: 160.6s
    [BPI2013][NE-NPaA] fold 4/5: 158.8s
    [BPI2013][NE-NPaA] fold 5/5: 160.2s
  [NE-NPaA] 2746.1s
    [BPI2013][NE-NEPa] fold 1/5: 161.5s
    [BPI2013][NE-NEPa] fold 2/5: 157.5s
    [BPI2013][NE-NEPa] fold 3/5: 156.3s
    [BPI2013][NE-NEPa] fold 4/5: 154.7s
    [BPI2013][NE-NEPa] fold 5/5: 155.8s
  [NE-NEPa] 785.9s
    [BPI2013][NE-NPaM] fold 1/5: 43.7s
    [BPI2013][NE-NPaM] fold 2/5: 49.4s
    [BPI2013][NE-NPaM] fold 3/5: 49.8s
    [BPI2013][NE-NPaM] fold 4/5: 46.7s
    [BPI2013][NE-NPaM] fold 5/5: 44.7s
  [NE-NPaM] 234.4s
    [BPI2013][NE-NMPa] fold 1/5: 0.2s
    [BPI2013][NE-NMPa] fold 2/5: 0.2s
    [BPI2013][NE-NMPa] fold 3/5: 0.2s
    [BPI2013][NE-NMPa] fold 4/5: 0.2s
    [BPI2013][NE-NMPa] fold 5/5: 0.2s
  [NE-NMPa] 1.1s
    [BPI2013][NE-NMPr] fold 1/5: 0.2s
    [BPI2013][NE-NMPr] fold 2/5: 0.2s
    [BPI2013][NE-NMPr] fold 3/5: 0.2s
    [BPI2013][NE-NMPr] fold 4/5: 0.2s
    [BPI2013][NE-NMPr] fold 5/5: 0.2s
  [NE-NMPr] 1.2s
    [BPI2013][NV-PrT] fold 1/5: 157.3s
    [BPI2013][NV-PrT] fold 2/5: 159.2s
    [BPI2013][NV-PrT] fold 3/5: 158.3s
    [BPI2013][NV-PrT] fold 4/5: 157.8s
    [BPI2013][NV-PrT] fold 5/5: 159.9s
  [NV-PrT] 792.7s
    [BPI2013][NV-PaT] fold 1/5: 160.3s
    [BPI2013][NV-PaT] fold 2/5: 159.1s
    [BPI2013][NV-PaT] fold 3/5: 158.2s
    [BPI2013][NV-PaT] fold 4/5: 158.4s
    [BPI2013][NV-PaT] fold 5/5: 161.5s
  [NV-PaT] 797.8s
    [BPI2013][NV-TNE] fold 1/5: 159.9s
    [BPI2013][NV-TNE] fold 2/5: 159.3s
    [BPI2013][NV-TNE] fold 3/5: 157.2s
    [BPI2013][NV-TNE] fold 4/5: 157.9s
    [BPI2013][NV-TNE] fold 5/5: 158.9s
  [NV-TNE] 793.4s
    [BPI2013][NV-TNM] fold 1/5: 44.3s
    [BPI2013][NV-TNM] fold 2/5: 48.9s
    [BPI2013][NV-TNM] fold 3/5: 49.5s
    [BPI2013][NV-TNM] fold 4/5: 45.4s
    [BPI2013][NV-TNM] fold 5/5: 45.6s
  [NV-TNM] 233.8s
    [BPI2013][NV-NMPr] fold 1/5: 159.4s
    [BPI2013][NV-NMPr] fold 2/5: 159.5s
    [BPI2013][NV-NMPr] fold 3/5: 158.3s
    [BPI2013][NV-NMPr] fold 4/5: 155.1s
    [BPI2013][NV-NMPr] fold 5/5: 159.3s
  [NV-NMPr] 791.8s
    [BPI2013][NV-NMPa] fold 1/5: 159.3s
    [BPI2013][NV-NMPa] fold 2/5: 157.9s
    [BPI2013][NV-NMPa] fold 3/5: 158.1s
    [BPI2013][NV-NMPa] fold 4/5: 157.4s
    [BPI2013][NV-NMPa] fold 5/5: 161.0s
  [NV-NMPa] 793.9s
    [BPI2013][OB-P] fold 1/5: 158.0s
    [BPI2013][OB-P] fold 2/5: 158.9s
    [BPI2013][OB-P] fold 3/5: 158.1s
    [BPI2013][OB-P] fold 4/5: 157.9s
    [BPI2013][OB-P] fold 5/5: 159.1s
  [OB-P] 792.0s
    [BPI2013][OB-M] fold 1/5: 158.1s
    [BPI2013][OB-M] fold 2/5: 159.1s
    [BPI2013][OB-M] fold 3/5: 7170.4s
    [BPI2013][OB-M] fold 4/5: 159.8s
    [BPI2013][OB-M] fold 5/5: 161.5s
  [OB-M] 7809.1s
  [time] BPI2013 total: 22643.0s
