
########## RQ3 — partial catalog (bpi2013, gnn) ##########

===== RQ3 LOG: BPI2013 =====
Applying feature extraction to process executions
  0%|          | 0/7554 [00:00<?, ?it/s]  0%|          | 5/7554 [00:00<12:35,  9.99it/s]  0%|          | 6/7554 [00:00<13:01,  9.66it/s]  5%|5         | 410/7554 [00:00<00:07, 915.58it/s]  8%|7         | 584/7554 [00:00<00:07, 962.95it/s] 10%|9         | 720/7554 [00:01<00:08, 782.31it/s] 11%|#         | 827/7554 [00:01<00:09, 683.40it/s] 12%|#2        | 915/7554 [00:01<00:13, 491.44it/s] 13%|#2        | 982/7554 [00:02<00:18, 362.37it/s] 14%|#3        | 1034/7554 [00:02<00:17, 366.09it/s] 28%|##8       | 2143/7554 [00:02<00:02, 1905.11it/s] 32%|###2      | 2442/7554 [00:02<00:03, 1619.01it/s] 46%|####5     | 3460/7554 [00:03<00:02, 1966.72it/s] 49%|####8     | 3694/7554 [00:03<00:01, 1963.90it/s] 74%|#######3  | 5559/7554 [00:04<00:01, 1822.14it/s]100%|##########| 7554/7554 [00:04<00:00, 1770.69it/s]
    [GNN][BPI2013][NE-NPaA] device=cpu
      epoch 1/50 loss=2.599394
      epoch 10/50 loss=2.051693
      epoch 20/50 loss=1.943934
      epoch 30/50 loss=1.871752
      epoch 40/50 loss=1.846877
      epoch 50/50 loss=1.794702
    [GNN][BPI2013][NE-NPaA] configured_k=8 epochs=50
    [GNN][BPI2013][NE-NPaA] test_f1_macro=0.085877 baseline=0.034853 n=12463
    [BPI2013][NE-NPaA] fold 1/5: 852.7s
    [GNN][BPI2013][NE-NPaA] device=cpu
      epoch 1/50 loss=2.587200
      epoch 10/50 loss=2.060326
      epoch 20/50 loss=1.956760
      epoch 30/50 loss=1.875218
      epoch 40/50 loss=1.804285
      epoch 50/50 loss=1.790855
    [GNN][BPI2013][NE-NPaA] configured_k=8 epochs=50
    [GNN][BPI2013][NE-NPaA] test_f1_macro=0.107842 baseline=0.034687 n=12312
    [BPI2013][NE-NPaA] fold 2/5: 859.5s
    [GNN][BPI2013][NE-NPaA] device=cpu
      epoch 1/50 loss=2.613186
      epoch 10/50 loss=2.069449
      epoch 20/50 loss=1.937768
      epoch 30/50 loss=1.883105
      epoch 40/50 loss=1.823067
      epoch 50/50 loss=1.807517
    [GNN][BPI2013][NE-NPaA] configured_k=8 epochs=50
    [GNN][BPI2013][NE-NPaA] test_f1_macro=0.066856 baseline=0.032781 n=12572
    [BPI2013][NE-NPaA] fold 3/5: 850.2s
    [GNN][BPI2013][NE-NPaA] device=cpu
      epoch 1/50 loss=2.652596
      epoch 10/50 loss=2.092347
      epoch 20/50 loss=1.973102
      epoch 30/50 loss=1.884588
      epoch 40/50 loss=1.823694
      epoch 50/50 loss=1.767516
    [GNN][BPI2013][NE-NPaA] configured_k=8 epochs=50
    [GNN][BPI2013][NE-NPaA] test_f1_macro=0.099934 baseline=0.039862 n=12520
    [BPI2013][NE-NPaA] fold 4/5: 849.5s
    [GNN][BPI2013][NE-NPaA] device=cpu
      epoch 1/50 loss=2.627720
      epoch 10/50 loss=2.088489
      epoch 20/50 loss=1.950941
      epoch 30/50 loss=1.869946
      epoch 40/50 loss=1.821978
      epoch 50/50 loss=1.816123
    [GNN][BPI2013][NE-NPaA] configured_k=8 epochs=50
    [GNN][BPI2013][NE-NPaA] test_f1_macro=0.102321 baseline=0.043254 n=12163
    [BPI2013][NE-NPaA] fold 5/5: 890.9s
  [NE-NPaA] 4302.7s
    [GNN][BPI2013][NE-NMPr] device=cpu
      epoch 1/50 loss=0.000000
      epoch 10/50 loss=0.000000
      epoch 20/50 loss=0.000000
      epoch 30/50 loss=0.000000
      epoch 40/50 loss=0.000000
      epoch 50/50 loss=0.000000
    [GNN][BPI2013][NE-NMPr] configured_k=8 epochs=50
    [GNN][BPI2013][NE-NMPr] test_f1_macro=1.000000 baseline=1.000000 n=3716
    [BPI2013][NE-NMPr] fold 1/5: 253.3s
    [GNN][BPI2013][NE-NMPr] device=cpu
      epoch 1/50 loss=0.000000
