
===== RQ3 LOG: Healthcare =====
    [Healthcare][NE-NPaA] fold 1/5: 0.2s
    [Healthcare][NE-NPaA] fold 2/5: 0.2s
    [Healthcare][NE-NPaA] fold 3/5: 0.2s
    [Healthcare][NE-NPaA] fold 4/5: 0.2s
    [Healthcare][NE-NPaA] fold 5/5: 0.2s
  [NE-NPaA] 1.0s
    [Healthcare][NE-NMPr] fold 1/5: 0.2s
    [Healthcare][NE-NMPr] fold 2/5: 0.2s
    [Healthcare][NE-NMPr] fold 3/5: 0.2s
    [Healthcare][NE-NMPr] fold 4/5: 0.2s
    [Healthcare][NE-NMPr] fold 5/5: 0.2s
  [NE-NMPr] 1.0s
    [Healthcare][NV-PrT] fold 1/5: 0.2s
    [Healthcare][NV-PrT] fold 2/5: 0.2s
    [Healthcare][NV-PrT] fold 3/5: 0.2s
    [Healthcare][NV-PrT] fold 4/5: 0.2s
    [Healthcare][NV-PrT] fold 5/5: 0.2s
  [NV-PrT] 0.9s
    [Healthcare][NV-PaT] fold 1/5: 0.2s
    [Healthcare][NV-PaT] fold 2/5: 0.2s
    [Healthcare][NV-PaT] fold 3/5: 0.2s
    [Healthcare][NV-PaT] fold 4/5: 0.2s
    [Healthcare][NV-PaT] fold 5/5: 0.2s
  [NV-PaT] 0.9s
    [Healthcare][NV-NMPr] fold 1/5: 0.2s
    [Healthcare][NV-NMPr] fold 2/5: 0.2s
    [Healthcare][NV-NMPr] fold 3/5: 0.2s
    [Healthcare][NV-NMPr] fold 4/5: 0.2s
    [Healthcare][NV-NMPr] fold 5/5: 0.2s
  [NV-NMPr] 0.9s
    [Healthcare][OB-M] fold 1/5: 0.2s
    [Healthcare][OB-M] fold 2/5: 0.2s
    [Healthcare][OB-M] fold 3/5: 0.2s
    [Healthcare][OB-M] fold 4/5: 0.2s
    [Healthcare][OB-M] fold 5/5: 0.2s
  [OB-M] 1.0s
  [time] Healthcare total: 7.8s

===== RQ3 LOG: Artificial1 =====
    [Artificial1][NE-NPaA] fold 1/5: 0.2s
    [Artificial1][NE-NPaA] fold 2/5: 0.2s
    [Artificial1][NE-NPaA] fold 3/5: 0.2s
    [Artificial1][NE-NPaA] fold 4/5: 0.2s
    [Artificial1][NE-NPaA] fold 5/5: 0.2s
  [NE-NPaA] 0.9s
    [Artificial1][NE-NMPr] fold 1/5: 0.2s
    [Artificial1][NE-NMPr] fold 2/5: 0.2s
    [Artificial1][NE-NMPr] fold 3/5: 0.2s
    [Artificial1][NE-NMPr] fold 4/5: 0.2s
    [Artificial1][NE-NMPr] fold 5/5: 0.2s
  [NE-NMPr] 0.9s
    [Artificial1][NV-PrT] fold 1/5: 0.1s
    [Artificial1][NV-PrT] fold 2/5: 0.2s
    [Artificial1][NV-PrT] fold 3/5: 0.2s
    [Artificial1][NV-PrT] fold 4/5: 0.2s
    [Artificial1][NV-PrT] fold 5/5: 0.2s
  [NV-PrT] 0.8s
    [Artificial1][NV-PaT] fold 1/5: 0.2s
    [Artificial1][NV-PaT] fold 2/5: 0.2s
    [Artificial1][NV-PaT] fold 3/5: 0.2s
    [Artificial1][NV-PaT] fold 4/5: 0.2s
    [Artificial1][NV-PaT] fold 5/5: 0.1s
  [NV-PaT] 0.8s
    [Artificial1][NV-NMPr] fold 1/5: 0.1s
    [Artificial1][NV-NMPr] fold 2/5: 0.1s
    [Artificial1][NV-NMPr] fold 3/5: 0.1s
    [Artificial1][NV-NMPr] fold 4/5: 0.2s
    [Artificial1][NV-NMPr] fold 5/5: 0.2s
  [NV-NMPr] 0.7s
    [Artificial1][OB-M] fold 1/5: 0.2s
    [Artificial1][OB-M] fold 2/5: 0.2s
    [Artificial1][OB-M] fold 3/5: 0.2s
    [Artificial1][OB-M] fold 4/5: 0.2s
    [Artificial1][OB-M] fold 5/5: 0.2s
  [OB-M] 0.9s
  [time] Artificial1 total: 5.6s

===== RQ3 LOG: Artificial5 =====
    [Artificial5][NE-NPaA] fold 1/5: 0.2s
    [Artificial5][NE-NPaA] fold 2/5: 0.2s
    [Artificial5][NE-NPaA] fold 3/5: 0.2s
    [Artificial5][NE-NPaA] fold 4/5: 0.2s
    [Artificial5][NE-NPaA] fold 5/5: 0.2s
  [NE-NPaA] 1.1s
    [Artificial5][NE-NMPr] fold 1/5: 0.2s
    [Artificial5][NE-NMPr] fold 2/5: 0.2s
    [Artificial5][NE-NMPr] fold 3/5: 0.2s
    [Artificial5][NE-NMPr] fold 4/5: 0.2s
    [Artificial5][NE-NMPr] fold 5/5: 0.2s
  [NE-NMPr] 1.1s
    [Artificial5][NV-PrT] fold 1/5: 0.2s
    [Artificial5][NV-PrT] fold 2/5: 0.2s
    [Artificial5][NV-PrT] fold 3/5: 0.2s
    [Artificial5][NV-PrT] fold 4/5: 0.2s
    [Artificial5][NV-PrT] fold 5/5: 0.2s
  [NV-PrT] 1.1s
    [Artificial5][NV-PaT] fold 1/5: 0.2s
    [Artificial5][NV-PaT] fold 2/5: 0.2s
    [Artificial5][NV-PaT] fold 3/5: 0.2s
    [Artificial5][NV-PaT] fold 4/5: 0.2s
    [Artificial5][NV-PaT] fold 5/5: 0.2s
  [NV-PaT] 1.0s
    [Artificial5][NV-NMPr] fold 1/5: 0.2s
    [Artificial5][NV-NMPr] fold 2/5: 0.2s
    [Artificial5][NV-NMPr] fold 3/5: 0.2s
    [Artificial5][NV-NMPr] fold 4/5: 0.2s
    [Artificial5][NV-NMPr] fold 5/5: 0.2s
  [NV-NMPr] 0.9s
    [Artificial5][OB-M] fold 1/5: 0.2s
    [Artificial5][OB-M] fold 2/5: 0.2s
    [Artificial5][OB-M] fold 3/5: 0.2s
    [Artificial5][OB-M] fold 4/5: 0.2s
    [Artificial5][OB-M] fold 5/5: 0.2s
  [OB-M] 1.0s
  [time] Artificial5 total: 8.2s

===== RQ3 LOG: Real4 =====
    [Real4][NE-NPaA] fold 1/5: 0.2s
    [Real4][NE-NPaA] fold 2/5: 0.2s
    [Real4][NE-NPaA] fold 3/5: 0.2s
    [Real4][NE-NPaA] fold 4/5: 0.2s
    [Real4][NE-NPaA] fold 5/5: 0.2s
  [NE-NPaA] 1.0s
    [Real4][NE-NMPr] fold 1/5: 0.2s
    [Real4][NE-NMPr] fold 2/5: 0.2s
    [Real4][NE-NMPr] fold 3/5: 0.2s
    [Real4][NE-NMPr] fold 4/5: 0.2s
    [Real4][NE-NMPr] fold 5/5: 0.2s
  [NE-NMPr] 1.0s
    [Real4][NV-PrT] fold 1/5: 0.2s
    [Real4][NV-PrT] fold 2/5: 0.2s
    [Real4][NV-PrT] fold 3/5: 0.2s
    [Real4][NV-PrT] fold 4/5: 0.2s
    [Real4][NV-PrT] fold 5/5: 0.2s
  [NV-PrT] 0.9s
    [Real4][NV-PaT] fold 1/5: 0.2s
    [Real4][NV-PaT] fold 2/5: 0.2s
    [Real4][NV-PaT] fold 3/5: 0.2s
    [Real4][NV-PaT] fold 4/5: 0.2s
    [Real4][NV-PaT] fold 5/5: 0.2s
  [NV-PaT] 0.9s
    [Real4][NV-NMPr] fold 1/5: 0.2s
    [Real4][NV-NMPr] fold 2/5: 0.2s
    [Real4][NV-NMPr] fold 3/5: 0.2s
    [Real4][NV-NMPr] fold 4/5: 0.2s
    [Real4][NV-NMPr] fold 5/5: 0.1s
  [NV-NMPr] 0.8s
    [Real4][OB-M] fold 1/5: 0.2s
    [Real4][OB-M] fold 2/5: 0.2s
    [Real4][OB-M] fold 3/5: 0.2s
    [Real4][OB-M] fold 4/5: 0.2s
    [Real4][OB-M] fold 5/5: 0.2s
  [OB-M] 1.0s
  [time] Real4 total: 6.8s
