
===== RQ3 LOG: Healthcare =====
    [Healthcare][NE-NPaA] fold 1/5: 0.4s
    [Healthcare][NE-NPaA] fold 2/5: 0.2s
    [Healthcare][NE-NPaA] fold 3/5: 0.2s
    [Healthcare][NE-NPaA] fold 4/5: 0.2s
    [Healthcare][NE-NPaA] fold 5/5: 0.2s
  [NE-NPaA] 1.2s
    [Healthcare][NE-NMPr] fold 1/5: 0.6s
    [Healthcare][NE-NMPr] fold 2/5: 0.7s
    [Healthcare][NE-NMPr] fold 3/5: 0.6s
    [Healthcare][NE-NMPr] fold 4/5: 0.6s
    [Healthcare][NE-NMPr] fold 5/5: 0.6s
  [NE-NMPr] 3.0s
    [Healthcare][NV-PrT] fold 1/5: 0.1s
    [Healthcare][NV-PrT] fold 2/5: 0.1s
    [Healthcare][NV-PrT] fold 3/5: 0.1s
    [Healthcare][NV-PrT] fold 4/5: 0.1s
    [Healthcare][NV-PrT] fold 5/5: 0.1s
  [NV-PrT] 0.4s
    [Healthcare][NV-PaT] fold 1/5: 0.1s
    [Healthcare][NV-PaT] fold 2/5: 0.1s
    [Healthcare][NV-PaT] fold 3/5: 0.1s
    [Healthcare][NV-PaT] fold 4/5: 0.1s
    [Healthcare][NV-PaT] fold 5/5: 0.1s
  [NV-PaT] 0.4s
    [Healthcare][NV-NMPr] fold 1/5: 0.1s
    [Healthcare][NV-NMPr] fold 2/5: 0.1s
    [Healthcare][NV-NMPr] fold 3/5: 0.1s
    [Healthcare][NV-NMPr] fold 4/5: 0.1s
    [Healthcare][NV-NMPr] fold 5/5: 0.1s
  [NV-NMPr] 0.4s
    [Healthcare][OB-M] fold 1/5: 0.0s
    [Healthcare][OB-M] fold 2/5: 0.0s
    [Healthcare][OB-M] fold 3/5: 0.0s
    [Healthcare][OB-M] fold 4/5: 0.0s
    [Healthcare][OB-M] fold 5/5: 0.0s
  [OB-M] 0.2s
  [time] Healthcare total: 8.0s

===== RQ3 LOG: Artificial1 =====
    [Artificial1][NE-NPaA] fold 1/5: 0.1s
    [Artificial1][NE-NPaA] fold 2/5: 0.1s
    [Artificial1][NE-NPaA] fold 3/5: 0.1s
    [Artificial1][NE-NPaA] fold 4/5: 0.1s
    [Artificial1][NE-NPaA] fold 5/5: 0.1s
  [NE-NPaA] 0.4s
    [Artificial1][NE-NMPr] fold 1/5: 0.2s
    [Artificial1][NE-NMPr] fold 2/5: 0.2s
    [Artificial1][NE-NMPr] fold 3/5: 0.2s
    [Artificial1][NE-NMPr] fold 4/5: 0.2s
    [Artificial1][NE-NMPr] fold 5/5: 0.2s
  [NE-NMPr] 0.9s
    [Artificial1][NV-PrT] fold 1/5: 0.1s
    [Artificial1][NV-PrT] fold 2/5: 0.1s
    [Artificial1][NV-PrT] fold 3/5: 0.1s
    [Artificial1][NV-PrT] fold 4/5: 0.1s
    [Artificial1][NV-PrT] fold 5/5: 0.1s
  [NV-PrT] 0.3s
    [Artificial1][NV-PaT] fold 1/5: 0.1s
    [Artificial1][NV-PaT] fold 2/5: 0.1s
    [Artificial1][NV-PaT] fold 3/5: 0.1s
    [Artificial1][NV-PaT] fold 4/5: 0.1s
    [Artificial1][NV-PaT] fold 5/5: 0.1s
  [NV-PaT] 0.3s
    [Artificial1][NV-NMPr] fold 1/5: 0.1s
    [Artificial1][NV-NMPr] fold 2/5: 0.1s
    [Artificial1][NV-NMPr] fold 3/5: 0.1s
    [Artificial1][NV-NMPr] fold 4/5: 0.1s
    [Artificial1][NV-NMPr] fold 5/5: 0.1s
  [NV-NMPr] 0.3s
    [Artificial1][OB-M] fold 1/5: 0.1s
    [Artificial1][OB-M] fold 2/5: 0.1s
    [Artificial1][OB-M] fold 3/5: 0.1s
    [Artificial1][OB-M] fold 4/5: 0.1s
    [Artificial1][OB-M] fold 5/5: 0.1s
  [OB-M] 0.3s
  [time] Artificial1 total: 3.1s

===== RQ3 LOG: Artificial5 =====
    [Artificial5][NE-NPaA] fold 1/5: 0.3s
    [Artificial5][NE-NPaA] fold 2/5: 0.3s
    [Artificial5][NE-NPaA] fold 3/5: 0.3s
    [Artificial5][NE-NPaA] fold 4/5: 0.3s
    [Artificial5][NE-NPaA] fold 5/5: 0.3s
  [NE-NPaA] 1.4s
    [Artificial5][NE-NMPr] fold 1/5: 0.6s
    [Artificial5][NE-NMPr] fold 2/5: 0.7s
    [Artificial5][NE-NMPr] fold 3/5: 0.7s
    [Artificial5][NE-NMPr] fold 4/5: 0.7s
    [Artificial5][NE-NMPr] fold 5/5: 0.7s
  [NE-NMPr] 3.3s
    [Artificial5][NV-PrT] fold 1/5: 0.1s
    [Artificial5][NV-PrT] fold 2/5: 0.1s
    [Artificial5][NV-PrT] fold 3/5: 0.1s
    [Artificial5][NV-PrT] fold 4/5: 0.1s
    [Artificial5][NV-PrT] fold 5/5: 0.1s
  [NV-PrT] 0.5s
    [Artificial5][NV-PaT] fold 1/5: 0.1s
    [Artificial5][NV-PaT] fold 2/5: 0.1s
    [Artificial5][NV-PaT] fold 3/5: 0.1s
    [Artificial5][NV-PaT] fold 4/5: 0.1s
    [Artificial5][NV-PaT] fold 5/5: 0.1s
  [NV-PaT] 0.5s
    [Artificial5][NV-NMPr] fold 1/5: 0.1s
    [Artificial5][NV-NMPr] fold 2/5: 0.1s
    [Artificial5][NV-NMPr] fold 3/5: 0.1s
    [Artificial5][NV-NMPr] fold 4/5: 0.1s
    [Artificial5][NV-NMPr] fold 5/5: 0.1s
  [NV-NMPr] 0.5s
    [Artificial5][OB-M] fold 1/5: 0.1s
    [Artificial5][OB-M] fold 2/5: 0.1s
    [Artificial5][OB-M] fold 3/5: 0.1s
    [Artificial5][OB-M] fold 4/5: 0.1s
    [Artificial5][OB-M] fold 5/5: 0.1s
  [OB-M] 0.3s
  [time] Artificial5 total: 8.5s

===== RQ3 LOG: Real4 =====
    [Real4][NE-NPaA] fold 1/5: 0.2s
    [Real4][NE-NPaA] fold 2/5: 0.2s
    [Real4][NE-NPaA] fold 3/5: 0.2s
    [Real4][NE-NPaA] fold 4/5: 0.2s
    [Real4][NE-NPaA] fold 5/5: 0.2s
  [NE-NPaA] 1.0s
    [Real4][NE-NMPr] fold 1/5: 0.2s
    [Real4][NE-NMPr] fold 2/5: 0.3s
    [Real4][NE-NMPr] fold 3/5: 0.3s
    [Real4][NE-NMPr] fold 4/5: 0.2s
    [Real4][NE-NMPr] fold 5/5: 0.3s
  [NE-NMPr] 1.3s
    [Real4][NV-PrT] fold 1/5: 0.1s
    [Real4][NV-PrT] fold 2/5: 0.1s
    [Real4][NV-PrT] fold 3/5: 0.1s
    [Real4][NV-PrT] fold 4/5: 0.1s
    [Real4][NV-PrT] fold 5/5: 0.1s
  [NV-PrT] 0.4s
    [Real4][NV-PaT] fold 1/5: 0.1s
    [Real4][NV-PaT] fold 2/5: 0.1s
    [Real4][NV-PaT] fold 3/5: 0.1s
    [Real4][NV-PaT] fold 4/5: 0.1s
    [Real4][NV-PaT] fold 5/5: 0.1s
  [NV-PaT] 0.4s
    [Real4][NV-NMPr] fold 1/5: 0.1s
    [Real4][NV-NMPr] fold 2/5: 0.1s
    [Real4][NV-NMPr] fold 3/5: 0.1s
    [Real4][NV-NMPr] fold 4/5: 0.1s
    [Real4][NV-NMPr] fold 5/5: 0.1s
  [NV-NMPr] 0.4s
    [Real4][OB-M] fold 1/5: 0.1s
    [Real4][OB-M] fold 2/5: 0.0s
    [Real4][OB-M] fold 3/5: 0.0s
    [Real4][OB-M] fold 4/5: 0.1s
    [Real4][OB-M] fold 5/5: 0.1s
  [OB-M] 0.3s
  [time] Real4 total: 5.1s
