
===== RQ3 LOG: Healthcare =====
    [Healthcare][NE-NPaA] fold 1/5: 2.5s
    [Healthcare][NE-NPaA] fold 2/5: 1.4s
    [Healthcare][NE-NPaA] fold 3/5: 1.4s
    [Healthcare][NE-NPaA] fold 4/5: 1.4s
    [Healthcare][NE-NPaA] fold 5/5: 1.3s
  [NE-NPaA] 8.0s
    [Healthcare][NE-NMPr] fold 1/5: 1.3s
    [Healthcare][NE-NMPr] fold 2/5: 1.2s
    [Healthcare][NE-NMPr] fold 3/5: 1.4s
    [Healthcare][NE-NMPr] fold 4/5: 1.3s
    [Healthcare][NE-NMPr] fold 5/5: 1.2s
  [NE-NMPr] 6.3s
    [Healthcare][NV-PrT] fold 1/5: 1.3s
    [Healthcare][NV-PrT] fold 2/5: 1.1s
    [Healthcare][NV-PrT] fold 3/5: 1.3s
    [Healthcare][NV-PrT] fold 4/5: 1.3s
    [Healthcare][NV-PrT] fold 5/5: 1.3s
  [NV-PrT] 6.4s
    [Healthcare][NV-PaT] fold 1/5: 1.4s
    [Healthcare][NV-PaT] fold 2/5: 1.4s
    [Healthcare][NV-PaT] fold 3/5: 1.3s
    [Healthcare][NV-PaT] fold 4/5: 1.4s
    [Healthcare][NV-PaT] fold 5/5: 1.3s
  [NV-PaT] 6.8s
    [Healthcare][NV-NMPr] fold 1/5: 1.3s
    [Healthcare][NV-NMPr] fold 2/5: 1.3s
    [Healthcare][NV-NMPr] fold 3/5: 1.3s
    [Healthcare][NV-NMPr] fold 4/5: 1.4s
    [Healthcare][NV-NMPr] fold 5/5: 1.3s
  [NV-NMPr] 6.5s
    [Healthcare][OB-M] fold 1/5: 0.0s
    [Healthcare][OB-M] fold 2/5: 0.0s
    [Healthcare][OB-M] fold 3/5: 0.0s
    [Healthcare][OB-M] fold 4/5: 0.0s
    [Healthcare][OB-M] fold 5/5: 0.0s
  [OB-M] 0.1s
  [time] Healthcare total: 36.5s

===== RQ3 LOG: Artificial1 =====
    [Artificial1][NE-NPaA] fold 1/5: 0.6s
    [Artificial1][NE-NPaA] fold 2/5: 0.5s
    [Artificial1][NE-NPaA] fold 3/5: 0.6s
    [Artificial1][NE-NPaA] fold 4/5: 0.6s
    [Artificial1][NE-NPaA] fold 5/5: 0.6s
  [NE-NPaA] 2.9s
    [Artificial1][NE-NMPr] fold 1/5: 0.7s
    [Artificial1][NE-NMPr] fold 2/5: 0.8s
    [Artificial1][NE-NMPr] fold 3/5: 0.8s
    [Artificial1][NE-NMPr] fold 4/5: 0.9s
    [Artificial1][NE-NMPr] fold 5/5: 0.7s
  [NE-NMPr] 3.9s
    [Artificial1][NV-PrT] fold 1/5: 0.6s
    [Artificial1][NV-PrT] fold 2/5: 0.6s
    [Artificial1][NV-PrT] fold 3/5: 0.6s
    [Artificial1][NV-PrT] fold 4/5: 0.6s
    [Artificial1][NV-PrT] fold 5/5: 0.6s
  [NV-PrT] 3.0s
    [Artificial1][NV-PaT] fold 1/5: 0.6s
    [Artificial1][NV-PaT] fold 2/5: 0.5s
    [Artificial1][NV-PaT] fold 3/5: 0.6s
    [Artificial1][NV-PaT] fold 4/5: 0.6s
    [Artificial1][NV-PaT] fold 5/5: 0.6s
  [NV-PaT] 2.9s
    [Artificial1][NV-NMPr] fold 1/5: 0.6s
    [Artificial1][NV-NMPr] fold 2/5: 0.6s
    [Artificial1][NV-NMPr] fold 3/5: 0.5s
    [Artificial1][NV-NMPr] fold 4/5: 0.6s
    [Artificial1][NV-NMPr] fold 5/5: 0.6s
  [NV-NMPr] 2.8s
    [Artificial1][OB-M] fold 1/5: 0.5s
    [Artificial1][OB-M] fold 2/5: 0.6s
    [Artificial1][OB-M] fold 3/5: 0.5s
    [Artificial1][OB-M] fold 4/5: 0.6s
    [Artificial1][OB-M] fold 5/5: 0.6s
  [OB-M] 2.8s
  [time] Artificial1 total: 18.7s

===== RQ3 LOG: Artificial5 =====
    [Artificial5][NE-NPaA] fold 1/5: 1.7s
    [Artificial5][NE-NPaA] fold 2/5: 1.8s
    [Artificial5][NE-NPaA] fold 3/5: 1.8s
    [Artificial5][NE-NPaA] fold 4/5: 1.7s
    [Artificial5][NE-NPaA] fold 5/5: 1.7s
  [NE-NPaA] 8.7s
    [Artificial5][NE-NMPr] fold 1/5: 1.7s
    [Artificial5][NE-NMPr] fold 2/5: 1.7s
    [Artificial5][NE-NMPr] fold 3/5: 1.6s
    [Artificial5][NE-NMPr] fold 4/5: 1.7s
    [Artificial5][NE-NMPr] fold 5/5: 1.7s
  [NE-NMPr] 8.4s
    [Artificial5][NV-PrT] fold 1/5: 1.7s
    [Artificial5][NV-PrT] fold 2/5: 1.7s
    [Artificial5][NV-PrT] fold 3/5: 1.7s
    [Artificial5][NV-PrT] fold 4/5: 1.6s
    [Artificial5][NV-PrT] fold 5/5: 1.7s
  [NV-PrT] 8.4s
    [Artificial5][NV-PaT] fold 1/5: 1.7s
    [Artificial5][NV-PaT] fold 2/5: 1.8s
    [Artificial5][NV-PaT] fold 3/5: 1.8s
    [Artificial5][NV-PaT] fold 4/5: 1.6s
    [Artificial5][NV-PaT] fold 5/5: 2.0s
  [NV-PaT] 8.9s
    [Artificial5][NV-NMPr] fold 1/5: 1.7s
    [Artificial5][NV-NMPr] fold 2/5: 1.7s
    [Artificial5][NV-NMPr] fold 3/5: 1.6s
    [Artificial5][NV-NMPr] fold 4/5: 1.7s
    [Artificial5][NV-NMPr] fold 5/5: 1.7s
  [NV-NMPr] 8.4s
    [Artificial5][OB-M] fold 1/5: 1.7s
    [Artificial5][OB-M] fold 2/5: 1.7s
    [Artificial5][OB-M] fold 3/5: 1.7s
    [Artificial5][OB-M] fold 4/5: 1.7s
    [Artificial5][OB-M] fold 5/5: 1.8s
  [OB-M] 8.6s
  [time] Artificial5 total: 53.4s

===== RQ3 LOG: Real4 =====
    [Real4][NE-NPaA] fold 1/5: 0.7s
    [Real4][NE-NPaA] fold 2/5: 0.7s
    [Real4][NE-NPaA] fold 3/5: 0.7s
    [Real4][NE-NPaA] fold 4/5: 0.7s
    [Real4][NE-NPaA] fold 5/5: 0.7s
  [NE-NPaA] 3.6s
    [Real4][NE-NMPr] fold 1/5: 0.7s
    [Real4][NE-NMPr] fold 2/5: 0.7s
    [Real4][NE-NMPr] fold 3/5: 0.7s
    [Real4][NE-NMPr] fold 4/5: 0.7s
    [Real4][NE-NMPr] fold 5/5: 0.7s
  [NE-NMPr] 3.5s
    [Real4][NV-PrT] fold 1/5: 0.7s
    [Real4][NV-PrT] fold 2/5: 0.7s
    [Real4][NV-PrT] fold 3/5: 0.7s
    [Real4][NV-PrT] fold 4/5: 0.7s
    [Real4][NV-PrT] fold 5/5: 0.7s
  [NV-PrT] 3.5s
    [Real4][NV-PaT] fold 1/5: 0.7s
    [Real4][NV-PaT] fold 2/5: 0.7s
    [Real4][NV-PaT] fold 3/5: 0.7s
    [Real4][NV-PaT] fold 4/5: 0.7s
    [Real4][NV-PaT] fold 5/5: 0.7s
  [NV-PaT] 3.4s
    [Real4][NV-NMPr] fold 1/5: 0.7s
    [Real4][NV-NMPr] fold 2/5: 0.7s
    [Real4][NV-NMPr] fold 3/5: 0.7s
    [Real4][NV-NMPr] fold 4/5: 0.7s
    [Real4][NV-NMPr] fold 5/5: 0.7s
  [NV-NMPr] 3.4s
    [Real4][OB-M] fold 1/5: 0.7s
    [Real4][OB-M] fold 2/5: 0.7s
    [Real4][OB-M] fold 3/5: 0.7s
    [Real4][OB-M] fold 4/5: 0.7s
    [Real4][OB-M] fold 5/5: 0.7s
  [OB-M] 3.4s
  [time] Real4 total: 22.1s
