
===== RQ3 LOG: BPI2013 =====
    [BPI2013][NE-NPaA] fold 1/5: 4.3s
    [BPI2013][NE-NPaA] fold 2/5: 4.2s
    [BPI2013][NE-NPaA] fold 3/5: 4.2s
    [BPI2013][NE-NPaA] fold 4/5: 4.4s
    [BPI2013][NE-NPaA] fold 5/5: 4.4s
  [NE-NPaA] 21.6s
    [BPI2013][NE-NMPr] fold 1/5: 0.1s
    [BPI2013][NE-NMPr] fold 2/5: 0.1s
    [BPI2013][NE-NMPr] fold 3/5: 0.1s
    [BPI2013][NE-NMPr] fold 4/5: 0.1s
    [BPI2013][NE-NMPr] fold 5/5: 0.1s
  [NE-NMPr] 0.6s
    [BPI2013][NV-PrT] fold 1/5: 0.2s
    [BPI2013][NV-PrT] fold 2/5: 0.2s
    [BPI2013][NV-PrT] fold 3/5: 0.2s
    [BPI2013][NV-PrT] fold 4/5: 0.2s
    [BPI2013][NV-PrT] fold 5/5: 0.2s
  [NV-PrT] 1.1s
    [BPI2013][NV-PaT] fold 1/5: 0.2s
    [BPI2013][NV-PaT] fold 2/5: 0.2s
    [BPI2013][NV-PaT] fold 3/5: 0.2s
    [BPI2013][NV-PaT] fold 4/5: 0.2s
    [BPI2013][NV-PaT] fold 5/5: 0.2s
  [NV-PaT] 1.1s
    [BPI2013][NV-NMPr] fold 1/5: 0.2s
    [BPI2013][NV-NMPr] fold 2/5: 0.2s
    [BPI2013][NV-NMPr] fold 3/5: 0.2s
    [BPI2013][NV-NMPr] fold 4/5: 0.2s
    [BPI2013][NV-NMPr] fold 5/5: 0.2s
  [NV-NMPr] 1.1s
    [BPI2013][OB-M] fold 1/5: 0.3s
    [BPI2013][OB-M] fold 2/5: 0.3s
    [BPI2013][OB-M] fold 3/5: 0.3s
    [BPI2013][OB-M] fold 4/5: 0.3s
    [BPI2013][OB-M] fold 5/5: 0.3s
  [OB-M] 1.6s
  [time] BPI2013 total: 66.1s
