
===== RQ3 LOG: BPI2013 =====
    [BPI2013][NE-NPaA] fold 1/5: 1.8s
    [BPI2013][NE-NPaA] fold 2/5: 1.8s
    [BPI2013][NE-NPaA] fold 3/5: 1.8s
    [BPI2013][NE-NPaA] fold 4/5: 1.8s
    [BPI2013][NE-NPaA] fold 5/5: 1.8s
  [NE-NPaA] 9.0s
    [BPI2013][NE-NMPr] fold 1/5: 0.3s
    [BPI2013][NE-NMPr] fold 2/5: 0.3s
    [BPI2013][NE-NMPr] fold 3/5: 0.2s
    [BPI2013][NE-NMPr] fold 4/5: 0.3s
    [BPI2013][NE-NMPr] fold 5/5: 0.3s
  [NE-NMPr] 1.4s
    [BPI2013][NV-PrT] fold 1/5: 1.7s
    [BPI2013][NV-PrT] fold 2/5: 1.7s
    [BPI2013][NV-PrT] fold 3/5: 1.7s
    [BPI2013][NV-PrT] fold 4/5: 1.8s
    [BPI2013][NV-PrT] fold 5/5: 1.7s
  [NV-PrT] 8.7s
    [BPI2013][NV-PaT] fold 1/5: 1.8s
    [BPI2013][NV-PaT] fold 2/5: 1.9s
    [BPI2013][NV-PaT] fold 3/5: 1.7s
    [BPI2013][NV-PaT] fold 4/5: 1.8s
    [BPI2013][NV-PaT] fold 5/5: 1.9s
  [NV-PaT] 9.3s
    [BPI2013][NV-NMPr] fold 1/5: 1.3s
    [BPI2013][NV-NMPr] fold 2/5: 1.3s
    [BPI2013][NV-NMPr] fold 3/5: 1.3s
    [BPI2013][NV-NMPr] fold 4/5: 1.3s
    [BPI2013][NV-NMPr] fold 5/5: 1.3s
  [NV-NMPr] 6.7s
    [BPI2013][OB-M] fold 1/5: 1.2s
    [BPI2013][OB-M] fold 2/5: 1.2s
    [BPI2013][OB-M] fold 3/5: 1.2s
    [BPI2013][OB-M] fold 4/5: 1.1s
    [BPI2013][OB-M] fold 5/5: 1.2s
  [OB-M] 6.0s
  [time] BPI2013 total: 80.8s
