
===== RQ3 LOG: BPI2013 =====
    [BPI2013][NE-NEPr] fold 1/5: 1.4s
    [BPI2013][NE-NEPr] fold 2/5: 1.3s
    [BPI2013][NE-NEPr] fold 3/5: 1.4s
    [BPI2013][NE-NEPr] fold 4/5: 1.4s
    [BPI2013][NE-NEPr] fold 5/5: 1.3s
  [NE-NEPr] 6.7s
    [BPI2013][NE-NPaA] fold 1/5: 1.7s
    [BPI2013][NE-NPaA] fold 2/5: 1.7s
    [BPI2013][NE-NPaA] fold 3/5: 1.8s
    [BPI2013][NE-NPaA] fold 4/5: 1.8s
    [BPI2013][NE-NPaA] fold 5/5: 1.8s
  [NE-NPaA] 8.9s
    [BPI2013][NE-NEPa] fold 1/5: 4.9s
    [BPI2013][NE-NEPa] fold 2/5: 4.6s
    [BPI2013][NE-NEPa] fold 3/5: 4.7s
    [BPI2013][NE-NEPa] fold 4/5: 4.7s
    [BPI2013][NE-NEPa] fold 5/5: 4.9s
  [NE-NEPa] 24.0s
    [BPI2013][NE-NPaM] fold 1/5: 0.6s
    [BPI2013][NE-NPaM] fold 2/5: 0.5s
    [BPI2013][NE-NPaM] fold 3/5: 0.5s
    [BPI2013][NE-NPaM] fold 4/5: 0.5s
    [BPI2013][NE-NPaM] fold 5/5: 0.6s
  [NE-NPaM] 2.7s
    [BPI2013][NE-NMPa] fold 1/5: 0.3s
    [BPI2013][NE-NMPa] fold 2/5: 0.3s
    [BPI2013][NE-NMPa] fold 3/5: 0.3s
    [BPI2013][NE-NMPa] fold 4/5: 0.2s
    [BPI2013][NE-NMPa] fold 5/5: 0.2s
  [NE-NMPa] 1.5s
    [BPI2013][NE-NMPr] fold 1/5: 0.3s
    [BPI2013][NE-NMPr] fold 2/5: 0.3s
    [BPI2013][NE-NMPr] fold 3/5: 0.2s
    [BPI2013][NE-NMPr] fold 4/5: 0.3s
    [BPI2013][NE-NMPr] fold 5/5: 0.2s
  [NE-NMPr] 1.4s
    [BPI2013][NV-PrT] fold 1/5: 1.7s
    [BPI2013][NV-PrT] fold 2/5: 1.8s
    [BPI2013][NV-PrT] fold 3/5: 1.7s
    [BPI2013][NV-PrT] fold 4/5: 1.7s
    [BPI2013][NV-PrT] fold 5/5: 1.7s
  [NV-PrT] 8.7s
    [BPI2013][NV-PaT] fold 1/5: 1.9s
    [BPI2013][NV-PaT] fold 2/5: 1.8s
    [BPI2013][NV-PaT] fold 3/5: 1.8s
    [BPI2013][NV-PaT] fold 4/5: 1.9s
    [BPI2013][NV-PaT] fold 5/5: 1.9s
  [NV-PaT] 9.4s
    [BPI2013][NV-TNE] fold 1/5: 1.6s
    [BPI2013][NV-TNE] fold 2/5: 1.6s
    [BPI2013][NV-TNE] fold 3/5: 1.5s
    [BPI2013][NV-TNE] fold 4/5: 1.6s
    [BPI2013][NV-TNE] fold 5/5: 1.6s
  [NV-TNE] 8.0s
    [BPI2013][NV-TNM] fold 1/5: 0.5s
    [BPI2013][NV-TNM] fold 2/5: 0.5s
    [BPI2013][NV-TNM] fold 3/5: 0.5s
    [BPI2013][NV-TNM] fold 4/5: 0.5s
    [BPI2013][NV-TNM] fold 5/5: 0.5s
  [NV-TNM] 2.7s
    [BPI2013][NV-NMPr] fold 1/5: 1.3s
    [BPI2013][NV-NMPr] fold 2/5: 1.3s
    [BPI2013][NV-NMPr] fold 3/5: 1.3s
    [BPI2013][NV-NMPr] fold 4/5: 1.3s
    [BPI2013][NV-NMPr] fold 5/5: 1.3s
  [NV-NMPr] 6.7s
    [BPI2013][NV-NMPa] fold 1/5: 1.3s
    [BPI2013][NV-NMPa] fold 2/5: 1.3s
    [BPI2013][NV-NMPa] fold 3/5: 1.3s
    [BPI2013][NV-NMPa] fold 4/5: 1.3s
    [BPI2013][NV-NMPa] fold 5/5: 1.5s
  [NV-NMPa] 6.8s
    [BPI2013][OB-P] fold 1/5: 1.3s
    [BPI2013][OB-P] fold 2/5: 1.3s
    [BPI2013][OB-P] fold 3/5: 1.3s
    [BPI2013][OB-P] fold 4/5: 1.2s
    [BPI2013][OB-P] fold 5/5: 1.3s
  [OB-P] 6.4s
    [BPI2013][OB-M] fold 1/5: 1.2s
    [BPI2013][OB-M] fold 2/5: 1.2s
    [BPI2013][OB-M] fold 3/5: 1.2s
    [BPI2013][OB-M] fold 4/5: 1.1s
    [BPI2013][OB-M] fold 5/5: 1.2s
  [OB-M] 5.9s
  [time] BPI2013 total: 139.4s
