# Composed from two runs (same stage, same config): the 6 RQ3_SUBSET tasks
# from the bpi2013 partial stage + full's remaining 8 tasks, run with --tasks.
# See RQ3_EXECUTION_PLAN.md, "Optional: reusing partial results inside full".

## run 1 -- partial stage (6 tasks), data/results/bpi2013_partial/

===== RQ3 LOG: BPI2013 =====
    [BPI2013][NE-NPaA] fold 1/5: 857.7s
    [BPI2013][NE-NPaA] fold 2/5: 846.8s
    [BPI2013][NE-NPaA] fold 3/5: 842.1s
    [BPI2013][NE-NPaA] fold 4/5: 850.4s
    [BPI2013][NE-NPaA] fold 5/5: 849.8s
  [NE-NPaA] 4246.9s
    [BPI2013][NE-NMPr] fold 1/5: 251.0s
    [BPI2013][NE-NMPr] fold 2/5: 250.7s
    [BPI2013][NE-NMPr] fold 3/5: 243.7s
    [BPI2013][NE-NMPr] fold 4/5: 247.8s
    [BPI2013][NE-NMPr] fold 5/5: 256.1s
  [NE-NMPr] 1249.4s
    [BPI2013][NV-PrT] fold 1/5: 840.5s
    [BPI2013][NV-PrT] fold 2/5: 850.0s
    [BPI2013][NV-PrT] fold 3/5: 833.9s
    [BPI2013][NV-PrT] fold 4/5: 855.3s
    [BPI2013][NV-PrT] fold 5/5: 841.5s
  [NV-PrT] 4221.2s
    [BPI2013][NV-PaT] fold 1/5: 851.7s
    [BPI2013][NV-PaT] fold 2/5: 861.1s
    [BPI2013][NV-PaT] fold 3/5: 839.0s
    [BPI2013][NV-PaT] fold 4/5: 848.7s
    [BPI2013][NV-PaT] fold 5/5: 856.6s
  [NV-PaT] 4257.3s
    [BPI2013][NV-NMPr] fold 1/5: 842.6s
    [BPI2013][NV-NMPr] fold 2/5: 847.2s
    [BPI2013][NV-NMPr] fold 3/5: 836.6s
    [BPI2013][NV-NMPr] fold 4/5: 841.7s
    [BPI2013][NV-NMPr] fold 5/5: 843.3s
  [NV-NMPr] 4211.4s
    [BPI2013][OB-M] fold 1/5: 854.9s
    [BPI2013][OB-M] fold 2/5: 855.8s
    [BPI2013][OB-M] fold 3/5: 844.9s
    [BPI2013][OB-M] fold 4/5: 841.8s
    [BPI2013][OB-M] fold 5/5: 852.5s
  [OB-M] 4250.1s
  [time] BPI2013 total: 22672.5s

## run 2 -- remaining 8 tasks (--tasks), this stage

===== RQ3 LOG: BPI2013 =====
    [BPI2013][NE-NEPa] fold 1/5: 866.1s
    [BPI2013][NE-NEPa] fold 2/5: 865.5s
    [BPI2013][NE-NEPa] fold 3/5: 851.7s
    [BPI2013][NE-NEPa] fold 4/5: 847.3s
    [BPI2013][NE-NEPa] fold 5/5: 859.1s
  [NE-NEPa] 4289.7s
    [BPI2013][NE-NEPr] fold 1/5: 840.2s
    [BPI2013][NE-NEPr] fold 2/5: 843.1s
    [BPI2013][NE-NEPr] fold 3/5: 831.5s
    [BPI2013][NE-NEPr] fold 4/5: 839.4s
    [BPI2013][NE-NEPr] fold 5/5: 848.1s
  [NE-NEPr] 4202.4s
    [BPI2013][NE-NMPa] fold 1/5: 192.2s
    [BPI2013][NE-NMPa] fold 2/5: 195.7s
    [BPI2013][NE-NMPa] fold 3/5: 188.3s
    [BPI2013][NE-NMPa] fold 4/5: 191.8s
    [BPI2013][NE-NMPa] fold 5/5: 198.8s
  [NE-NMPa] 966.9s
    [BPI2013][NE-NPaM] fold 1/5: 221.8s
    [BPI2013][NE-NPaM] fold 2/5: 222.6s
    [BPI2013][NE-NPaM] fold 3/5: 216.0s
    [BPI2013][NE-NPaM] fold 4/5: 219.8s
    [BPI2013][NE-NPaM] fold 5/5: 227.0s
  [NE-NPaM] 1107.2s
    [BPI2013][NV-NMPa] fold 1/5: 837.8s
    [BPI2013][NV-NMPa] fold 2/5: 842.2s
    [BPI2013][NV-NMPa] fold 3/5: 834.4s
    [BPI2013][NV-NMPa] fold 4/5: 835.3s
    [BPI2013][NV-NMPa] fold 5/5: 844.3s
  [NV-NMPa] 4194.2s
    [BPI2013][NV-TNE] fold 1/5: 827.2s
    [BPI2013][NV-TNE] fold 2/5: 829.6s
    [BPI2013][NV-TNE] fold 3/5: 822.1s
    [BPI2013][NV-TNE] fold 4/5: 829.7s
    [BPI2013][NV-TNE] fold 5/5: 832.5s
  [NV-TNE] 4141.3s
    [BPI2013][NV-TNM] fold 1/5: 224.1s
    [BPI2013][NV-TNM] fold 2/5: 224.5s
    [BPI2013][NV-TNM] fold 3/5: 217.3s
    [BPI2013][NV-TNM] fold 4/5: 222.2s
    [BPI2013][NV-TNM] fold 5/5: 233.9s
  [NV-TNM] 1122.1s
    [BPI2013][OB-P] fold 1/5: 845.4s
    [BPI2013][OB-P] fold 2/5: 844.7s
    [BPI2013][OB-P] fold 3/5: 832.9s
    [BPI2013][OB-P] fold 4/5: 833.3s
    [BPI2013][OB-P] fold 5/5: 846.0s
  [OB-P] 4202.4s
  [time] BPI2013 total: 24270.7s
