
===== RQ3 LOG: Healthcare =====
    [Healthcare][NE-NEPr] fold 1/5: 4.2s
    [Healthcare][NE-NEPr] fold 2/5: 3.1s
    [Healthcare][NE-NEPr] fold 3/5: 3.2s
    [Healthcare][NE-NEPr] fold 4/5: 3.2s
    [Healthcare][NE-NEPr] fold 5/5: 3.1s
  [NE-NEPr] 16.8s
    [Healthcare][NE-NPaA] fold 1/5: 3.1s
    [Healthcare][NE-NPaA] fold 2/5: 3.0s
    [Healthcare][NE-NPaA] fold 3/5: 3.2s
    [Healthcare][NE-NPaA] fold 4/5: 3.1s
    [Healthcare][NE-NPaA] fold 5/5: 3.2s
  [NE-NPaA] 15.6s
    [Healthcare][NE-NEPa] fold 1/5: 3.1s
    [Healthcare][NE-NEPa] fold 2/5: 3.1s
    [Healthcare][NE-NEPa] fold 3/5: 3.0s
    [Healthcare][NE-NEPa] fold 4/5: 3.3s
    [Healthcare][NE-NEPa] fold 5/5: 3.1s
  [NE-NEPa] 15.7s
    [Healthcare][NE-NPaM] fold 1/5: 3.2s
    [Healthcare][NE-NPaM] fold 2/5: 3.1s
    [Healthcare][NE-NPaM] fold 3/5: 3.1s
    [Healthcare][NE-NPaM] fold 4/5: 3.1s
    [Healthcare][NE-NPaM] fold 5/5: 3.1s
  [NE-NPaM] 15.6s
    [Healthcare][NE-NMPa] fold 1/5: 2.8s
    [Healthcare][NE-NMPa] fold 2/5: 2.8s
    [Healthcare][NE-NMPa] fold 3/5: 2.6s
    [Healthcare][NE-NMPa] fold 4/5: 2.7s
    [Healthcare][NE-NMPa] fold 5/5: 2.9s
  [NE-NMPa] 13.9s
    [Healthcare][NE-NMPr] fold 1/5: 3.2s
    [Healthcare][NE-NMPr] fold 2/5: 3.3s
    [Healthcare][NE-NMPr] fold 3/5: 3.3s
    [Healthcare][NE-NMPr] fold 4/5: 3.2s
    [Healthcare][NE-NMPr] fold 5/5: 3.1s
  [NE-NMPr] 16.1s
    [Healthcare][NV-PrT] fold 1/5: 3.1s
    [Healthcare][NV-PrT] fold 2/5: 3.2s
    [Healthcare][NV-PrT] fold 3/5: 3.2s
    [Healthcare][NV-PrT] fold 4/5: 3.2s
    [Healthcare][NV-PrT] fold 5/5: 3.2s
  [NV-PrT] 15.8s
    [Healthcare][NV-PaT] fold 1/5: 3.0s
    [Healthcare][NV-PaT] fold 2/5: 3.2s
    [Healthcare][NV-PaT] fold 3/5: 3.2s
    [Healthcare][NV-PaT] fold 4/5: 3.1s
    [Healthcare][NV-PaT] fold 5/5: 3.2s
  [NV-PaT] 15.6s
    [Healthcare][NV-TNE] fold 1/5: 3.1s
    [Healthcare][NV-TNE] fold 2/5: 3.2s
    [Healthcare][NV-TNE] fold 3/5: 3.1s
    [Healthcare][NV-TNE] fold 4/5: 3.3s
    [Healthcare][NV-TNE] fold 5/5: 3.1s
  [NV-TNE] 15.8s
    [Healthcare][NV-TNM] fold 1/5: 3.1s
    [Healthcare][NV-TNM] fold 2/5: 3.2s
    [Healthcare][NV-TNM] fold 3/5: 3.0s
    [Healthcare][NV-TNM] fold 4/5: 3.1s
    [Healthcare][NV-TNM] fold 5/5: 3.1s
  [NV-TNM] 15.4s
    [Healthcare][NV-NMPr] fold 1/5: 3.1s
    [Healthcare][NV-NMPr] fold 2/5: 3.1s
    [Healthcare][NV-NMPr] fold 3/5: 3.1s
    [Healthcare][NV-NMPr] fold 4/5: 3.2s
    [Healthcare][NV-NMPr] fold 5/5: 3.2s
  [NV-NMPr] 15.9s
    [Healthcare][NV-NMPa] fold 1/5: 3.1s
    [Healthcare][NV-NMPa] fold 2/5: 3.3s
    [Healthcare][NV-NMPa] fold 3/5: 3.1s
    [Healthcare][NV-NMPa] fold 4/5: 3.2s
    [Healthcare][NV-NMPa] fold 5/5: 3.3s
  [NV-NMPa] 16.0s
    [Healthcare][OB-P] fold 1/5: 3.2s
    [Healthcare][OB-P] fold 2/5: 3.1s
    [Healthcare][OB-P] fold 3/5: 3.2s
    [Healthcare][OB-P] fold 4/5: 3.3s
    [Healthcare][OB-P] fold 5/5: 3.3s
  [OB-P] 15.9s
    [Healthcare][OB-M] fold 1/5: 0.0s
    [Healthcare][OB-M] fold 2/5: 0.0s
    [Healthcare][OB-M] fold 3/5: 0.0s
    [Healthcare][OB-M] fold 4/5: 0.0s
    [Healthcare][OB-M] fold 5/5: 0.0s
  [OB-M] 0.1s
  [time] Healthcare total: 206.5s

===== RQ3 LOG: Artificial1 =====
    [Artificial1][NE-NEPr] fold 1/5: 1.7s
    [Artificial1][NE-NEPr] fold 2/5: 1.8s
    [Artificial1][NE-NEPr] fold 3/5: 1.7s
    [Artificial1][NE-NEPr] fold 4/5: 1.9s
    [Artificial1][NE-NEPr] fold 5/5: 1.9s
  [NE-NEPr] 9.0s
    [Artificial1][NE-NPaA] fold 1/5: 1.7s
    [Artificial1][NE-NPaA] fold 2/5: 1.7s
    [Artificial1][NE-NPaA] fold 3/5: 1.8s
    [Artificial1][NE-NPaA] fold 4/5: 1.8s
    [Artificial1][NE-NPaA] fold 5/5: 1.7s
  [NE-NPaA] 8.8s
    [Artificial1][NE-NEPa] fold 1/5: 1.8s
    [Artificial1][NE-NEPa] fold 2/5: 1.8s
    [Artificial1][NE-NEPa] fold 3/5: 1.8s
    [Artificial1][NE-NEPa] fold 4/5: 1.7s
    [Artificial1][NE-NEPa] fold 5/5: 1.8s
  [NE-NEPa] 8.9s
    [Artificial1][NE-NPaM] fold 1/5: 0.0s
    [Artificial1][NE-NPaM] fold 2/5: 0.0s
    [Artificial1][NE-NPaM] fold 3/5: 0.0s
    [Artificial1][NE-NPaM] fold 4/5: 0.0s
    [Artificial1][NE-NPaM] fold 5/5: 0.0s
  [NE-NPaM] 0.1s
    [Artificial1][NE-NMPa] fold 1/5: 1.6s
    [Artificial1][NE-NMPa] fold 2/5: 1.5s
    [Artificial1][NE-NMPa] fold 3/5: 1.5s
    [Artificial1][NE-NMPa] fold 4/5: 1.5s
    [Artificial1][NE-NMPa] fold 5/5: 1.5s
  [NE-NMPa] 7.6s
    [Artificial1][NE-NMPr] fold 1/5: 1.6s
    [Artificial1][NE-NMPr] fold 2/5: 1.5s
    [Artificial1][NE-NMPr] fold 3/5: 1.5s
    [Artificial1][NE-NMPr] fold 4/5: 1.5s
    [Artificial1][NE-NMPr] fold 5/5: 1.6s
  [NE-NMPr] 7.7s
    [Artificial1][NV-PrT] fold 1/5: 1.8s
    [Artificial1][NV-PrT] fold 2/5: 1.7s
    [Artificial1][NV-PrT] fold 3/5: 1.8s
    [Artificial1][NV-PrT] fold 4/5: 1.9s
    [Artificial1][NV-PrT] fold 5/5: 1.7s
  [NV-PrT] 9.0s
    [Artificial1][NV-PaT] fold 1/5: 1.7s
    [Artificial1][NV-PaT] fold 2/5: 1.8s
    [Artificial1][NV-PaT] fold 3/5: 1.8s
    [Artificial1][NV-PaT] fold 4/5: 1.7s
    [Artificial1][NV-PaT] fold 5/5: 1.7s
  [NV-PaT] 8.8s
    [Artificial1][NV-TNE] fold 1/5: 1.8s
    [Artificial1][NV-TNE] fold 2/5: 1.7s
    [Artificial1][NV-TNE] fold 3/5: 1.7s
    [Artificial1][NV-TNE] fold 4/5: 1.8s
    [Artificial1][NV-TNE] fold 5/5: 1.9s
  [NV-TNE] 8.9s
    [Artificial1][NV-TNM] fold 1/5: 1.3s
    [Artificial1][NV-TNM] fold 2/5: 1.2s
    [Artificial1][NV-TNM] fold 3/5: 1.1s
    [Artificial1][NV-TNM] fold 4/5: 1.1s
    [Artificial1][NV-TNM] fold 5/5: 1.1s
  [NV-TNM] 5.8s
    [Artificial1][NV-NMPr] fold 1/5: 1.7s
    [Artificial1][NV-NMPr] fold 2/5: 1.8s
    [Artificial1][NV-NMPr] fold 3/5: 1.8s
    [Artificial1][NV-NMPr] fold 4/5: 1.7s
    [Artificial1][NV-NMPr] fold 5/5: 1.7s
  [NV-NMPr] 8.8s
    [Artificial1][NV-NMPa] fold 1/5: 1.8s
    [Artificial1][NV-NMPa] fold 2/5: 1.8s
    [Artificial1][NV-NMPa] fold 3/5: 1.7s
    [Artificial1][NV-NMPa] fold 4/5: 1.8s
    [Artificial1][NV-NMPa] fold 5/5: 1.8s
  [NV-NMPa] 8.9s
    [Artificial1][OB-P] fold 1/5: 1.8s
    [Artificial1][OB-P] fold 2/5: 1.8s
    [Artificial1][OB-P] fold 3/5: 1.7s
    [Artificial1][OB-P] fold 4/5: 1.8s
    [Artificial1][OB-P] fold 5/5: 1.8s
  [OB-P] 8.9s
    [Artificial1][OB-M] fold 1/5: 1.8s
    [Artificial1][OB-M] fold 2/5: 1.8s
    [Artificial1][OB-M] fold 3/5: 1.8s
    [Artificial1][OB-M] fold 4/5: 1.8s
    [Artificial1][OB-M] fold 5/5: 1.8s
  [OB-M] 9.1s
  [time] Artificial1 total: 110.8s

===== RQ3 LOG: Artificial5 =====
    [Artificial5][NE-NEPr] fold 1/5: 4.9s
    [Artificial5][NE-NEPr] fold 2/5: 4.9s
    [Artificial5][NE-NEPr] fold 3/5: 5.1s
    [Artificial5][NE-NEPr] fold 4/5: 4.9s
    [Artificial5][NE-NEPr] fold 5/5: 4.8s
  [NE-NEPr] 24.6s
    [Artificial5][NE-NPaA] fold 1/5: 5.0s
    [Artificial5][NE-NPaA] fold 2/5: 5.0s
    [Artificial5][NE-NPaA] fold 3/5: 4.8s
    [Artificial5][NE-NPaA] fold 4/5: 5.0s
    [Artificial5][NE-NPaA] fold 5/5: 4.8s
  [NE-NPaA] 24.7s
    [Artificial5][NE-NEPa] fold 1/5: 4.9s
    [Artificial5][NE-NEPa] fold 2/5: 5.0s
    [Artificial5][NE-NEPa] fold 3/5: 4.9s
    [Artificial5][NE-NEPa] fold 4/5: 4.8s
    [Artificial5][NE-NEPa] fold 5/5: 5.0s
  [NE-NEPa] 24.5s
    [Artificial5][NE-NPaM] fold 1/5: 4.2s
    [Artificial5][NE-NPaM] fold 2/5: 4.1s
    [Artificial5][NE-NPaM] fold 3/5: 4.0s
    [Artificial5][NE-NPaM] fold 4/5: 4.0s
    [Artificial5][NE-NPaM] fold 5/5: 4.0s
  [NE-NPaM] 20.3s
    [Artificial5][NE-NMPa] fold 1/5: 4.3s
    [Artificial5][NE-NMPa] fold 2/5: 4.3s
    [Artificial5][NE-NMPa] fold 3/5: 4.3s
    [Artificial5][NE-NMPa] fold 4/5: 4.2s
    [Artificial5][NE-NMPa] fold 5/5: 4.3s
  [NE-NMPa] 21.4s
    [Artificial5][NE-NMPr] fold 1/5: 4.4s
    [Artificial5][NE-NMPr] fold 2/5: 4.5s
    [Artificial5][NE-NMPr] fold 3/5: 4.4s
    [Artificial5][NE-NMPr] fold 4/5: 4.6s
    [Artificial5][NE-NMPr] fold 5/5: 4.5s
  [NE-NMPr] 22.4s
    [Artificial5][NV-PrT] fold 1/5: 5.0s
    [Artificial5][NV-PrT] fold 2/5: 5.0s
    [Artificial5][NV-PrT] fold 3/5: 5.0s
    [Artificial5][NV-PrT] fold 4/5: 5.0s
    [Artificial5][NV-PrT] fold 5/5: 4.9s
  [NV-PrT] 24.9s
    [Artificial5][NV-PaT] fold 1/5: 4.9s
    [Artificial5][NV-PaT] fold 2/5: 5.0s
    [Artificial5][NV-PaT] fold 3/5: 4.9s
    [Artificial5][NV-PaT] fold 4/5: 4.9s
    [Artificial5][NV-PaT] fold 5/5: 4.8s
  [NV-PaT] 24.5s
    [Artificial5][NV-TNE] fold 1/5: 4.8s
    [Artificial5][NV-TNE] fold 2/5: 4.9s
    [Artificial5][NV-TNE] fold 3/5: 4.9s
    [Artificial5][NV-TNE] fold 4/5: 4.8s
    [Artificial5][NV-TNE] fold 5/5: 5.0s
  [NV-TNE] 24.3s
    [Artificial5][NV-TNM] fold 1/5: 4.0s
    [Artificial5][NV-TNM] fold 2/5: 3.9s
    [Artificial5][NV-TNM] fold 3/5: 3.9s
    [Artificial5][NV-TNM] fold 4/5: 3.8s
    [Artificial5][NV-TNM] fold 5/5: 3.8s
  [NV-TNM] 19.4s
    [Artificial5][NV-NMPr] fold 1/5: 4.7s
    [Artificial5][NV-NMPr] fold 2/5: 4.8s
    [Artificial5][NV-NMPr] fold 3/5: 4.7s
    [Artificial5][NV-NMPr] fold 4/5: 4.9s
    [Artificial5][NV-NMPr] fold 5/5: 4.7s
  [NV-NMPr] 23.9s
    [Artificial5][NV-NMPa] fold 1/5: 4.9s
    [Artificial5][NV-NMPa] fold 2/5: 4.8s
    [Artificial5][NV-NMPa] fold 3/5: 4.8s
    [Artificial5][NV-NMPa] fold 4/5: 4.9s
    [Artificial5][NV-NMPa] fold 5/5: 4.8s
  [NV-NMPa] 24.2s
    [Artificial5][OB-P] fold 1/5: 4.9s
    [Artificial5][OB-P] fold 2/5: 4.8s
    [Artificial5][OB-P] fold 3/5: 4.9s
    [Artificial5][OB-P] fold 4/5: 4.9s
    [Artificial5][OB-P] fold 5/5: 4.8s
  [OB-P] 24.4s
    [Artificial5][OB-M] fold 1/5: 4.8s
    [Artificial5][OB-M] fold 2/5: 5.1s
    [Artificial5][OB-M] fold 3/5: 4.9s
    [Artificial5][OB-M] fold 4/5: 4.9s
    [Artificial5][OB-M] fold 5/5: 4.8s
  [OB-M] 24.6s
  [time] Artificial5 total: 330.0s

===== RQ3 LOG: Real4 =====
    [Real4][NE-NEPr] fold 1/5: 3.6s
    [Real4][NE-NEPr] fold 2/5: 3.8s
    [Real4][NE-NEPr] fold 3/5: 3.9s
    [Real4][NE-NEPr] fold 4/5: 3.9s
    [Real4][NE-NEPr] fold 5/5: 3.7s
  [NE-NEPr] 18.9s
    [Real4][NE-NPaA] fold 1/5: 3.7s
    [Real4][NE-NPaA] fold 2/5: 3.7s
    [Real4][NE-NPaA] fold 3/5: 3.8s
    [Real4][NE-NPaA] fold 4/5: 3.8s
    [Real4][NE-NPaA] fold 5/5: 3.8s
  [NE-NPaA] 18.8s
    [Real4][NE-NEPa] fold 1/5: 3.7s
    [Real4][NE-NEPa] fold 2/5: 3.8s
    [Real4][NE-NEPa] fold 3/5: 3.5s
    [Real4][NE-NEPa] fold 4/5: 3.8s
    [Real4][NE-NEPa] fold 5/5: 3.8s
  [NE-NEPa] 18.6s
    [Real4][NE-NPaM] fold 1/5: 3.3s
    [Real4][NE-NPaM] fold 2/5: 3.4s
    [Real4][NE-NPaM] fold 3/5: 3.4s
    [Real4][NE-NPaM] fold 4/5: 3.3s
    [Real4][NE-NPaM] fold 5/5: 3.4s
  [NE-NPaM] 16.8s
    [Real4][NE-NMPa] fold 1/5: 3.4s
    [Real4][NE-NMPa] fold 2/5: 3.4s
    [Real4][NE-NMPa] fold 3/5: 3.3s
    [Real4][NE-NMPa] fold 4/5: 3.3s
    [Real4][NE-NMPa] fold 5/5: 3.4s
  [NE-NMPa] 16.7s
    [Real4][NE-NMPr] fold 1/5: 3.6s
    [Real4][NE-NMPr] fold 2/5: 3.6s
    [Real4][NE-NMPr] fold 3/5: 3.6s
    [Real4][NE-NMPr] fold 4/5: 3.5s
    [Real4][NE-NMPr] fold 5/5: 3.5s
  [NE-NMPr] 17.8s
    [Real4][NV-PrT] fold 1/5: 3.7s
    [Real4][NV-PrT] fold 2/5: 3.7s
    [Real4][NV-PrT] fold 3/5: 3.7s
    [Real4][NV-PrT] fold 4/5: 3.7s
    [Real4][NV-PrT] fold 5/5: 3.9s
  [NV-PrT] 18.8s
    [Real4][NV-PaT] fold 1/5: 3.8s
    [Real4][NV-PaT] fold 2/5: 3.8s
    [Real4][NV-PaT] fold 3/5: 3.8s
    [Real4][NV-PaT] fold 4/5: 3.7s
    [Real4][NV-PaT] fold 5/5: 3.8s
  [NV-PaT] 19.0s
    [Real4][NV-TNE] fold 1/5: 4.0s
    [Real4][NV-TNE] fold 2/5: 3.8s
    [Real4][NV-TNE] fold 3/5: 3.7s
    [Real4][NV-TNE] fold 4/5: 3.7s
    [Real4][NV-TNE] fold 5/5: 3.7s
  [NV-TNE] 19.0s
    [Real4][NV-TNM] fold 1/5: 3.4s
    [Real4][NV-TNM] fold 2/5: 3.4s
    [Real4][NV-TNM] fold 3/5: 3.4s
    [Real4][NV-TNM] fold 4/5: 3.4s
    [Real4][NV-TNM] fold 5/5: 3.1s
  [NV-TNM] 16.7s
    [Real4][NV-NMPr] fold 1/5: 3.8s
    [Real4][NV-NMPr] fold 2/5: 3.8s
    [Real4][NV-NMPr] fold 3/5: 3.7s
    [Real4][NV-NMPr] fold 4/5: 3.8s
    [Real4][NV-NMPr] fold 5/5: 3.8s
  [NV-NMPr] 18.8s
    [Real4][NV-NMPa] fold 1/5: 3.6s
    [Real4][NV-NMPa] fold 2/5: 3.8s
    [Real4][NV-NMPa] fold 3/5: 3.7s
    [Real4][NV-NMPa] fold 4/5: 3.8s
    [Real4][NV-NMPa] fold 5/5: 3.8s
  [NV-NMPa] 18.7s
    [Real4][OB-P] fold 1/5: 3.8s
    [Real4][OB-P] fold 2/5: 3.9s
    [Real4][OB-P] fold 3/5: 3.8s
    [Real4][OB-P] fold 4/5: 3.7s
    [Real4][OB-P] fold 5/5: 3.8s
  [OB-P] 18.9s
    [Real4][OB-M] fold 1/5: 3.7s
    [Real4][OB-M] fold 2/5: 3.8s
    [Real4][OB-M] fold 3/5: 3.8s
    [Real4][OB-M] fold 4/5: 3.7s
    [Real4][OB-M] fold 5/5: 3.7s
  [OB-M] 18.7s
  [time] Real4 total: 257.3s
