
===== RQ3 LOG: Healthcare =====
    [Healthcare][NE-NEPr] fold 1/5: 20.1s
    [Healthcare][NE-NEPr] fold 2/5: 19.4s
    [Healthcare][NE-NEPr] fold 3/5: 18.2s
    [Healthcare][NE-NEPr] fold 4/5: 18.8s
    [Healthcare][NE-NEPr] fold 5/5: 18.3s
  [NE-NEPr] 95.0s
    [Healthcare][NE-NPaA] fold 1/5: 18.7s
    [Healthcare][NE-NPaA] fold 2/5: 19.0s
    [Healthcare][NE-NPaA] fold 3/5: 17.9s
    [Healthcare][NE-NPaA] fold 4/5: 18.3s
    [Healthcare][NE-NPaA] fold 5/5: 18.4s
  [NE-NPaA] 92.3s
    [Healthcare][NE-NEPa] fold 1/5: 18.7s
    [Healthcare][NE-NEPa] fold 2/5: 18.9s
    [Healthcare][NE-NEPa] fold 3/5: 18.0s
    [Healthcare][NE-NEPa] fold 4/5: 18.5s
    [Healthcare][NE-NEPa] fold 5/5: 18.5s
  [NE-NEPa] 92.6s
    [Healthcare][NE-NPaM] fold 1/5: 17.6s
    [Healthcare][NE-NPaM] fold 2/5: 18.3s
    [Healthcare][NE-NPaM] fold 3/5: 17.2s
    [Healthcare][NE-NPaM] fold 4/5: 17.8s
    [Healthcare][NE-NPaM] fold 5/5: 17.5s
  [NE-NPaM] 88.4s
    [Healthcare][NE-NMPa] fold 1/5: 14.5s
    [Healthcare][NE-NMPa] fold 2/5: 15.6s
    [Healthcare][NE-NMPa] fold 3/5: 14.7s
    [Healthcare][NE-NMPa] fold 4/5: 14.5s
    [Healthcare][NE-NMPa] fold 5/5: 14.6s
  [NE-NMPa] 74.0s
    [Healthcare][NE-NMPr] fold 1/5: 18.7s
    [Healthcare][NE-NMPr] fold 2/5: 18.8s
    [Healthcare][NE-NMPr] fold 3/5: 17.9s
    [Healthcare][NE-NMPr] fold 4/5: 18.2s
    [Healthcare][NE-NMPr] fold 5/5: 18.3s
  [NE-NMPr] 92.0s
    [Healthcare][NV-PrT] fold 1/5: 18.7s
    [Healthcare][NV-PrT] fold 2/5: 18.8s
    [Healthcare][NV-PrT] fold 3/5: 18.0s
    [Healthcare][NV-PrT] fold 4/5: 18.3s
    [Healthcare][NV-PrT] fold 5/5: 18.1s
  [NV-PrT] 91.9s
    [Healthcare][NV-PaT] fold 1/5: 18.6s
    [Healthcare][NV-PaT] fold 2/5: 18.8s
    [Healthcare][NV-PaT] fold 3/5: 17.6s
    [Healthcare][NV-PaT] fold 4/5: 18.4s
    [Healthcare][NV-PaT] fold 5/5: 18.1s
  [NV-PaT] 91.5s
    [Healthcare][NV-TNE] fold 1/5: 18.5s
    [Healthcare][NV-TNE] fold 2/5: 18.8s
    [Healthcare][NV-TNE] fold 3/5: 17.7s
    [Healthcare][NV-TNE] fold 4/5: 18.2s
    [Healthcare][NV-TNE] fold 5/5: 18.4s
  [NV-TNE] 91.6s
    [Healthcare][NV-TNM] fold 1/5: 16.6s
    [Healthcare][NV-TNM] fold 2/5: 18.1s
    [Healthcare][NV-TNM] fold 3/5: 17.1s
    [Healthcare][NV-TNM] fold 4/5: 17.6s
    [Healthcare][NV-TNM] fold 5/5: 17.5s
  [NV-TNM] 86.8s
    [Healthcare][NV-NMPr] fold 1/5: 18.8s
    [Healthcare][NV-NMPr] fold 2/5: 18.8s
    [Healthcare][NV-NMPr] fold 3/5: 17.7s
    [Healthcare][NV-NMPr] fold 4/5: 18.3s
    [Healthcare][NV-NMPr] fold 5/5: 18.2s
  [NV-NMPr] 91.7s
    [Healthcare][NV-NMPa] fold 1/5: 18.7s
    [Healthcare][NV-NMPa] fold 2/5: 18.7s
    [Healthcare][NV-NMPa] fold 3/5: 17.7s
    [Healthcare][NV-NMPa] fold 4/5: 18.3s
    [Healthcare][NV-NMPa] fold 5/5: 18.2s
  [NV-NMPa] 91.6s
    [Healthcare][OB-P] fold 1/5: 18.6s
    [Healthcare][OB-P] fold 2/5: 18.9s
    [Healthcare][OB-P] fold 3/5: 17.7s
    [Healthcare][OB-P] fold 4/5: 18.3s
    [Healthcare][OB-P] fold 5/5: 18.4s
  [OB-P] 92.1s
    [Healthcare][OB-M] fold 1/5: 18.5s
    [Healthcare][OB-M] fold 2/5: 18.7s
    [Healthcare][OB-M] fold 3/5: 17.8s
    [Healthcare][OB-M] fold 4/5: 18.3s
    [Healthcare][OB-M] fold 5/5: 18.3s
  [OB-M] 91.6s
  [time] Healthcare total: 1265.2s

===== RQ3 LOG: Artificial1 =====
    [Artificial1][NE-NEPr] fold 1/5: 9.8s
    [Artificial1][NE-NEPr] fold 2/5: 9.6s
    [Artificial1][NE-NEPr] fold 3/5: 9.5s
    [Artificial1][NE-NEPr] fold 4/5: 9.7s
    [Artificial1][NE-NEPr] fold 5/5: 9.5s
  [NE-NEPr] 48.1s
    [Artificial1][NE-NPaA] fold 1/5: 9.5s
    [Artificial1][NE-NPaA] fold 2/5: 9.6s
    [Artificial1][NE-NPaA] fold 3/5: 9.6s
    [Artificial1][NE-NPaA] fold 4/5: 9.6s
    [Artificial1][NE-NPaA] fold 5/5: 9.6s
  [NE-NPaA] 47.8s
    [Artificial1][NE-NEPa] fold 1/5: 9.5s
    [Artificial1][NE-NEPa] fold 2/5: 9.5s
    [Artificial1][NE-NEPa] fold 3/5: 9.6s
    [Artificial1][NE-NEPa] fold 4/5: 9.6s
    [Artificial1][NE-NEPa] fold 5/5: 9.8s
  [NE-NEPa] 48.0s
    [Artificial1][NE-NPaM] fold 1/5: 5.2s
    [Artificial1][NE-NPaM] fold 2/5: 5.3s
    [Artificial1][NE-NPaM] fold 3/5: 5.2s
    [Artificial1][NE-NPaM] fold 4/5: 5.3s
    [Artificial1][NE-NPaM] fold 5/5: 5.2s
  [NE-NPaM] 26.1s
    [Artificial1][NE-NMPa] fold 1/5: 7.4s
    [Artificial1][NE-NMPa] fold 2/5: 7.5s
    [Artificial1][NE-NMPa] fold 3/5: 7.4s
    [Artificial1][NE-NMPa] fold 4/5: 7.5s
    [Artificial1][NE-NMPa] fold 5/5: 7.5s
  [NE-NMPa] 37.3s
    [Artificial1][NE-NMPr] fold 1/5: 7.4s
    [Artificial1][NE-NMPr] fold 2/5: 7.4s
    [Artificial1][NE-NMPr] fold 3/5: 7.6s
    [Artificial1][NE-NMPr] fold 4/5: 7.4s
    [Artificial1][NE-NMPr] fold 5/5: 7.6s
  [NE-NMPr] 37.4s
    [Artificial1][NV-PrT] fold 1/5: 9.5s
    [Artificial1][NV-PrT] fold 2/5: 9.5s
    [Artificial1][NV-PrT] fold 3/5: 9.4s
    [Artificial1][NV-PrT] fold 4/5: 9.4s
    [Artificial1][NV-PrT] fold 5/5: 9.5s
  [NV-PrT] 47.2s
    [Artificial1][NV-PaT] fold 1/5: 9.6s
    [Artificial1][NV-PaT] fold 2/5: 9.4s
    [Artificial1][NV-PaT] fold 3/5: 9.5s
    [Artificial1][NV-PaT] fold 4/5: 9.5s
    [Artificial1][NV-PaT] fold 5/5: 9.5s
  [NV-PaT] 47.4s
    [Artificial1][NV-TNE] fold 1/5: 9.6s
    [Artificial1][NV-TNE] fold 2/5: 9.5s
    [Artificial1][NV-TNE] fold 3/5: 9.4s
    [Artificial1][NV-TNE] fold 4/5: 9.5s
    [Artificial1][NV-TNE] fold 5/5: 9.5s
  [NV-TNE] 47.5s
    [Artificial1][NV-TNM] fold 1/5: 5.1s
    [Artificial1][NV-TNM] fold 2/5: 5.3s
    [Artificial1][NV-TNM] fold 3/5: 5.1s
    [Artificial1][NV-TNM] fold 4/5: 5.2s
    [Artificial1][NV-TNM] fold 5/5: 5.2s
  [NV-TNM] 25.9s
    [Artificial1][NV-NMPr] fold 1/5: 9.5s
    [Artificial1][NV-NMPr] fold 2/5: 9.4s
    [Artificial1][NV-NMPr] fold 3/5: 9.4s
    [Artificial1][NV-NMPr] fold 4/5: 9.6s
    [Artificial1][NV-NMPr] fold 5/5: 9.4s
  [NV-NMPr] 47.4s
    [Artificial1][NV-NMPa] fold 1/5: 9.5s
    [Artificial1][NV-NMPa] fold 2/5: 9.5s
    [Artificial1][NV-NMPa] fold 3/5: 9.5s
    [Artificial1][NV-NMPa] fold 4/5: 9.5s
    [Artificial1][NV-NMPa] fold 5/5: 9.6s
  [NV-NMPa] 47.5s
    [Artificial1][OB-P] fold 1/5: 9.6s
    [Artificial1][OB-P] fold 2/5: 9.5s
    [Artificial1][OB-P] fold 3/5: 9.4s
    [Artificial1][OB-P] fold 4/5: 9.5s
    [Artificial1][OB-P] fold 5/5: 9.6s
  [OB-P] 47.6s
    [Artificial1][OB-M] fold 1/5: 9.5s
    [Artificial1][OB-M] fold 2/5: 9.5s
    [Artificial1][OB-M] fold 3/5: 9.6s
    [Artificial1][OB-M] fold 4/5: 9.5s
    [Artificial1][OB-M] fold 5/5: 9.6s
  [OB-M] 47.7s
  [time] Artificial1 total: 603.6s

===== RQ3 LOG: Artificial5 =====
    [Artificial5][NE-NEPr] fold 1/5: 30.7s
    [Artificial5][NE-NEPr] fold 2/5: 31.3s
    [Artificial5][NE-NEPr] fold 3/5: 30.7s
    [Artificial5][NE-NEPr] fold 4/5: 30.8s
    [Artificial5][NE-NEPr] fold 5/5: 31.2s
  [NE-NEPr] 154.7s
    [Artificial5][NE-NPaA] fold 1/5: 30.6s
    [Artificial5][NE-NPaA] fold 2/5: 31.4s
    [Artificial5][NE-NPaA] fold 3/5: 30.4s
    [Artificial5][NE-NPaA] fold 4/5: 30.8s
    [Artificial5][NE-NPaA] fold 5/5: 31.2s
  [NE-NPaA] 154.4s
    [Artificial5][NE-NEPa] fold 1/5: 30.8s
    [Artificial5][NE-NEPa] fold 2/5: 31.4s
    [Artificial5][NE-NEPa] fold 3/5: 30.5s
    [Artificial5][NE-NEPa] fold 4/5: 30.9s
    [Artificial5][NE-NEPa] fold 5/5: 31.1s
  [NE-NEPa] 154.6s
    [Artificial5][NE-NPaM] fold 1/5: 23.2s
    [Artificial5][NE-NPaM] fold 2/5: 23.0s
    [Artificial5][NE-NPaM] fold 3/5: 22.7s
    [Artificial5][NE-NPaM] fold 4/5: 22.6s
    [Artificial5][NE-NPaM] fold 5/5: 22.5s
  [NE-NPaM] 114.1s
    [Artificial5][NE-NMPa] fold 1/5: 27.9s
    [Artificial5][NE-NMPa] fold 2/5: 27.7s
    [Artificial5][NE-NMPa] fold 3/5: 27.4s
    [Artificial5][NE-NMPa] fold 4/5: 27.4s
    [Artificial5][NE-NMPa] fold 5/5: 27.8s
  [NE-NMPa] 138.2s
    [Artificial5][NE-NMPr] fold 1/5: 28.1s
    [Artificial5][NE-NMPr] fold 2/5: 27.8s
    [Artificial5][NE-NMPr] fold 3/5: 28.1s
    [Artificial5][NE-NMPr] fold 4/5: 27.8s
    [Artificial5][NE-NMPr] fold 5/5: 28.1s
  [NE-NMPr] 139.8s
    [Artificial5][NV-PrT] fold 1/5: 30.5s
    [Artificial5][NV-PrT] fold 2/5: 31.0s
    [Artificial5][NV-PrT] fold 3/5: 30.4s
    [Artificial5][NV-PrT] fold 4/5: 30.6s
    [Artificial5][NV-PrT] fold 5/5: 31.0s
  [NV-PrT] 153.6s
    [Artificial5][NV-PaT] fold 1/5: 30.4s
    [Artificial5][NV-PaT] fold 2/5: 31.1s
    [Artificial5][NV-PaT] fold 3/5: 30.5s
    [Artificial5][NV-PaT] fold 4/5: 30.5s
    [Artificial5][NV-PaT] fold 5/5: 30.9s
  [NV-PaT] 153.4s
    [Artificial5][NV-TNE] fold 1/5: 30.5s
    [Artificial5][NV-TNE] fold 2/5: 30.9s
    [Artificial5][NV-TNE] fold 3/5: 30.5s
    [Artificial5][NV-TNE] fold 4/5: 30.6s
    [Artificial5][NV-TNE] fold 5/5: 30.9s
  [NV-TNE] 153.4s
    [Artificial5][NV-TNM] fold 1/5: 23.0s
    [Artificial5][NV-TNM] fold 2/5: 22.9s
    [Artificial5][NV-TNM] fold 3/5: 22.5s
    [Artificial5][NV-TNM] fold 4/5: 22.5s
    [Artificial5][NV-TNM] fold 5/5: 22.5s
  [NV-TNM] 113.5s
    [Artificial5][NV-NMPr] fold 1/5: 30.5s
    [Artificial5][NV-NMPr] fold 2/5: 31.0s
    [Artificial5][NV-NMPr] fold 3/5: 30.4s
    [Artificial5][NV-NMPr] fold 4/5: 30.7s
    [Artificial5][NV-NMPr] fold 5/5: 30.9s
  [NV-NMPr] 153.5s
    [Artificial5][NV-NMPa] fold 1/5: 30.5s
    [Artificial5][NV-NMPa] fold 2/5: 30.8s
    [Artificial5][NV-NMPa] fold 3/5: 30.5s
    [Artificial5][NV-NMPa] fold 4/5: 30.7s
    [Artificial5][NV-NMPa] fold 5/5: 31.2s
  [NV-NMPa] 153.8s
    [Artificial5][OB-P] fold 1/5: 31.1s
    [Artificial5][OB-P] fold 2/5: 31.2s
    [Artificial5][OB-P] fold 3/5: 30.6s
    [Artificial5][OB-P] fold 4/5: 30.6s
    [Artificial5][OB-P] fold 5/5: 31.2s
  [OB-P] 154.8s
    [Artificial5][OB-M] fold 1/5: 40.7s
    [Artificial5][OB-M] fold 2/5: 33.6s
    [Artificial5][OB-M] fold 3/5: 37.7s
    [Artificial5][OB-M] fold 4/5: 38.2s
    [Artificial5][OB-M] fold 5/5: 7405.4s
  [OB-M] 7555.6s
  [time] Artificial5 total: 9449.3s

===== RQ3 LOG: Real4 =====
    [Real4][NE-NEPr] fold 1/5: 23.8s
    [Real4][NE-NEPr] fold 2/5: 23.4s
    [Real4][NE-NEPr] fold 3/5: 23.2s
    [Real4][NE-NEPr] fold 4/5: 23.0s
    [Real4][NE-NEPr] fold 5/5: 23.1s
  [NE-NEPr] 116.6s
    [Real4][NE-NPaA] fold 1/5: 22.9s
    [Real4][NE-NPaA] fold 2/5: 23.2s
    [Real4][NE-NPaA] fold 3/5: 4510.9s
    [Real4][NE-NPaA] fold 4/5: 24.5s
    [Real4][NE-NPaA] fold 5/5: 23.9s
  [NE-NPaA] 4605.5s
    [Real4][NE-NEPa] fold 1/5: 25.5s
    [Real4][NE-NEPa] fold 2/5: 24.4s
    [Real4][NE-NEPa] fold 3/5: 25.1s
    [Real4][NE-NEPa] fold 4/5: 25.9s
    [Real4][NE-NEPa] fold 5/5: 27.1s
  [NE-NEPa] 128.0s
    [Real4][NE-NPaM] fold 1/5: 24.7s
    [Real4][NE-NPaM] fold 2/5: 24.4s
    [Real4][NE-NPaM] fold 3/5: 24.7s
    [Real4][NE-NPaM] fold 4/5: 24.5s
    [Real4][NE-NPaM] fold 5/5: 25.2s
  [NE-NPaM] 123.5s
    [Real4][NE-NMPa] fold 1/5: 24.8s
    [Real4][NE-NMPa] fold 2/5: 24.0s
    [Real4][NE-NMPa] fold 3/5: 24.6s
    [Real4][NE-NMPa] fold 4/5: 20.9s
    [Real4][NE-NMPa] fold 5/5: 20.9s
  [NE-NMPa] 115.3s
    [Real4][NE-NMPr] fold 1/5: 21.8s
    [Real4][NE-NMPr] fold 2/5: 21.5s
    [Real4][NE-NMPr] fold 3/5: 21.5s
    [Real4][NE-NMPr] fold 4/5: 21.6s
    [Real4][NE-NMPr] fold 5/5: 21.5s
  [NE-NMPr] 107.9s
    [Real4][NV-PrT] fold 1/5: 23.1s
    [Real4][NV-PrT] fold 2/5: 23.0s
    [Real4][NV-PrT] fold 3/5: 23.3s
    [Real4][NV-PrT] fold 4/5: 23.0s
    [Real4][NV-PrT] fold 5/5: 23.2s
  [NV-PrT] 115.6s
    [Real4][NV-PaT] fold 1/5: 22.9s
    [Real4][NV-PaT] fold 2/5: 23.1s
    [Real4][NV-PaT] fold 3/5: 23.2s
    [Real4][NV-PaT] fold 4/5: 22.9s
    [Real4][NV-PaT] fold 5/5: 23.1s
  [NV-PaT] 115.4s
    [Real4][NV-TNE] fold 1/5: 23.1s
    [Real4][NV-TNE] fold 2/5: 23.1s
    [Real4][NV-TNE] fold 3/5: 23.0s
    [Real4][NV-TNE] fold 4/5: 23.1s
    [Real4][NV-TNE] fold 5/5: 23.1s
  [NV-TNE] 115.4s
    [Real4][NV-TNM] fold 1/5: 20.8s
    [Real4][NV-TNM] fold 2/5: 21.5s
    [Real4][NV-TNM] fold 3/5: 21.1s
    [Real4][NV-TNM] fold 4/5: 20.3s
    [Real4][NV-TNM] fold 5/5: 21.0s
  [NV-TNM] 104.8s
    [Real4][NV-NMPr] fold 1/5: 23.0s
    [Real4][NV-NMPr] fold 2/5: 23.0s
    [Real4][NV-NMPr] fold 3/5: 23.1s
    [Real4][NV-NMPr] fold 4/5: 23.2s
    [Real4][NV-NMPr] fold 5/5: 23.0s
  [NV-NMPr] 115.3s
    [Real4][NV-NMPa] fold 1/5: 23.1s
    [Real4][NV-NMPa] fold 2/5: 23.0s
    [Real4][NV-NMPa] fold 3/5: 23.0s
    [Real4][NV-NMPa] fold 4/5: 23.1s
    [Real4][NV-NMPa] fold 5/5: 23.0s
  [NV-NMPa] 115.2s
    [Real4][OB-P] fold 1/5: 23.3s
    [Real4][OB-P] fold 2/5: 23.2s
    [Real4][OB-P] fold 3/5: 23.3s
    [Real4][OB-P] fold 4/5: 23.2s
    [Real4][OB-P] fold 5/5: 23.3s
  [OB-P] 116.4s
    [Real4][OB-M] fold 1/5: 23.1s
    [Real4][OB-M] fold 2/5: 23.2s
    [Real4][OB-M] fold 3/5: 23.3s
    [Real4][OB-M] fold 4/5: 23.1s
    [Real4][OB-M] fold 5/5: 23.2s
  [OB-M] 116.0s
  [time] Real4 total: 6111.9s
