
===== RQ3 LOG: Healthcare =====
    [Healthcare][NE-NEPr] fold 1/5: 1.0s
    [Healthcare][NE-NEPr] fold 2/5: 0.8s
    [Healthcare][NE-NEPr] fold 3/5: 0.8s
    [Healthcare][NE-NEPr] fold 4/5: 0.8s
    [Healthcare][NE-NEPr] fold 5/5: 0.8s
  [NE-NEPr] 4.3s
    [Healthcare][NE-NPaA] fold 1/5: 0.2s
    [Healthcare][NE-NPaA] fold 2/5: 0.2s
    [Healthcare][NE-NPaA] fold 3/5: 0.2s
    [Healthcare][NE-NPaA] fold 4/5: 0.2s
    [Healthcare][NE-NPaA] fold 5/5: 0.2s
  [NE-NPaA] 1.1s
    [Healthcare][NE-NEPa] fold 1/5: 0.8s
    [Healthcare][NE-NEPa] fold 2/5: 0.8s
    [Healthcare][NE-NEPa] fold 3/5: 0.8s
    [Healthcare][NE-NEPa] fold 4/5: 0.8s
    [Healthcare][NE-NEPa] fold 5/5: 0.8s
  [NE-NEPa] 4.1s
    [Healthcare][NE-NPaM] fold 1/5: 0.1s
    [Healthcare][NE-NPaM] fold 2/5: 0.2s
    [Healthcare][NE-NPaM] fold 3/5: 0.2s
    [Healthcare][NE-NPaM] fold 4/5: 0.1s
    [Healthcare][NE-NPaM] fold 5/5: 0.1s
  [NE-NPaM] 0.7s
    [Healthcare][NE-NMPa] fold 1/5: 0.2s
    [Healthcare][NE-NMPa] fold 2/5: 0.2s
    [Healthcare][NE-NMPa] fold 3/5: 0.2s
    [Healthcare][NE-NMPa] fold 4/5: 0.2s
    [Healthcare][NE-NMPa] fold 5/5: 0.2s
  [NE-NMPa] 1.2s
    [Healthcare][NE-NMPr] fold 1/5: 0.6s
    [Healthcare][NE-NMPr] fold 2/5: 0.6s
    [Healthcare][NE-NMPr] fold 3/5: 0.6s
    [Healthcare][NE-NMPr] fold 4/5: 0.6s
    [Healthcare][NE-NMPr] fold 5/5: 0.6s
  [NE-NMPr] 2.9s
    [Healthcare][NV-PrT] fold 1/5: 0.1s
    [Healthcare][NV-PrT] fold 2/5: 0.1s
    [Healthcare][NV-PrT] fold 3/5: 0.1s
    [Healthcare][NV-PrT] fold 4/5: 0.1s
    [Healthcare][NV-PrT] fold 5/5: 0.1s
  [NV-PrT] 0.4s
    [Healthcare][NV-PaT] fold 1/5: 0.1s
    [Healthcare][NV-PaT] fold 2/5: 0.1s
    [Healthcare][NV-PaT] fold 3/5: 0.1s
    [Healthcare][NV-PaT] fold 4/5: 0.1s
    [Healthcare][NV-PaT] fold 5/5: 0.1s
  [NV-PaT] 0.4s
    [Healthcare][NV-TNE] fold 1/5: 0.1s
    [Healthcare][NV-TNE] fold 2/5: 0.1s
    [Healthcare][NV-TNE] fold 3/5: 0.1s
    [Healthcare][NV-TNE] fold 4/5: 0.1s
    [Healthcare][NV-TNE] fold 5/5: 0.1s
  [NV-TNE] 0.4s
    [Healthcare][NV-TNM] fold 1/5: 0.1s
    [Healthcare][NV-TNM] fold 2/5: 0.1s
    [Healthcare][NV-TNM] fold 3/5: 0.1s
    [Healthcare][NV-TNM] fold 4/5: 0.1s
    [Healthcare][NV-TNM] fold 5/5: 0.1s
  [NV-TNM] 0.4s
    [Healthcare][NV-NMPr] fold 1/5: 0.1s
    [Healthcare][NV-NMPr] fold 2/5: 0.1s
    [Healthcare][NV-NMPr] fold 3/5: 0.1s
    [Healthcare][NV-NMPr] fold 4/5: 0.1s
    [Healthcare][NV-NMPr] fold 5/5: 0.1s
  [NV-NMPr] 0.4s
    [Healthcare][NV-NMPa] fold 1/5: 0.1s
    [Healthcare][NV-NMPa] fold 2/5: 0.1s
    [Healthcare][NV-NMPa] fold 3/5: 0.1s
    [Healthcare][NV-NMPa] fold 4/5: 0.1s
    [Healthcare][NV-NMPa] fold 5/5: 0.1s
  [NV-NMPa] 0.4s
    [Healthcare][OB-P] fold 1/5: 0.1s
    [Healthcare][OB-P] fold 2/5: 0.1s
    [Healthcare][OB-P] fold 3/5: 0.1s
    [Healthcare][OB-P] fold 4/5: 0.1s
    [Healthcare][OB-P] fold 5/5: 0.1s
  [OB-P] 0.4s
    [Healthcare][OB-M] fold 1/5: 0.0s
    [Healthcare][OB-M] fold 2/5: 0.0s
    [Healthcare][OB-M] fold 3/5: 0.0s
    [Healthcare][OB-M] fold 4/5: 0.0s
    [Healthcare][OB-M] fold 5/5: 0.0s
  [OB-M] 0.2s
  [time] Healthcare total: 19.8s

===== RQ3 LOG: Artificial1 =====
    [Artificial1][NE-NEPr] fold 1/5: 0.4s
    [Artificial1][NE-NEPr] fold 2/5: 0.3s
    [Artificial1][NE-NEPr] fold 3/5: 0.3s
    [Artificial1][NE-NEPr] fold 4/5: 0.3s
    [Artificial1][NE-NEPr] fold 5/5: 0.3s
  [NE-NEPr] 1.6s
    [Artificial1][NE-NPaA] fold 1/5: 0.1s
    [Artificial1][NE-NPaA] fold 2/5: 0.1s
    [Artificial1][NE-NPaA] fold 3/5: 0.1s
    [Artificial1][NE-NPaA] fold 4/5: 0.1s
    [Artificial1][NE-NPaA] fold 5/5: 0.1s
  [NE-NPaA] 0.3s
    [Artificial1][NE-NEPa] fold 1/5: 0.3s
    [Artificial1][NE-NEPa] fold 2/5: 0.3s
    [Artificial1][NE-NEPa] fold 3/5: 0.3s
    [Artificial1][NE-NEPa] fold 4/5: 0.3s
    [Artificial1][NE-NEPa] fold 5/5: 0.3s
  [NE-NEPa] 1.5s
    [Artificial1][NE-NPaM] fold 1/5: 0.0s
    [Artificial1][NE-NPaM] fold 2/5: 0.0s
    [Artificial1][NE-NPaM] fold 3/5: 0.0s
    [Artificial1][NE-NPaM] fold 4/5: 0.0s
    [Artificial1][NE-NPaM] fold 5/5: 0.0s
  [NE-NPaM] 0.2s
    [Artificial1][NE-NMPa] fold 1/5: 0.1s
    [Artificial1][NE-NMPa] fold 2/5: 0.1s
    [Artificial1][NE-NMPa] fold 3/5: 0.1s
    [Artificial1][NE-NMPa] fold 4/5: 0.1s
    [Artificial1][NE-NMPa] fold 5/5: 0.1s
  [NE-NMPa] 0.3s
    [Artificial1][NE-NMPr] fold 1/5: 0.2s
    [Artificial1][NE-NMPr] fold 2/5: 0.2s
    [Artificial1][NE-NMPr] fold 3/5: 0.2s
    [Artificial1][NE-NMPr] fold 4/5: 0.2s
    [Artificial1][NE-NMPr] fold 5/5: 0.2s
  [NE-NMPr] 0.9s
    [Artificial1][NV-PrT] fold 1/5: 0.1s
    [Artificial1][NV-PrT] fold 2/5: 0.1s
    [Artificial1][NV-PrT] fold 3/5: 0.1s
    [Artificial1][NV-PrT] fold 4/5: 0.1s
    [Artificial1][NV-PrT] fold 5/5: 0.1s
  [NV-PrT] 0.3s
    [Artificial1][NV-PaT] fold 1/5: 0.1s
    [Artificial1][NV-PaT] fold 2/5: 0.1s
    [Artificial1][NV-PaT] fold 3/5: 0.1s
    [Artificial1][NV-PaT] fold 4/5: 0.1s
    [Artificial1][NV-PaT] fold 5/5: 0.1s
  [NV-PaT] 0.3s
    [Artificial1][NV-TNE] fold 1/5: 0.1s
    [Artificial1][NV-TNE] fold 2/5: 0.1s
    [Artificial1][NV-TNE] fold 3/5: 0.1s
    [Artificial1][NV-TNE] fold 4/5: 0.1s
    [Artificial1][NV-TNE] fold 5/5: 0.1s
  [NV-TNE] 0.3s
    [Artificial1][NV-TNM] fold 1/5: 0.1s
    [Artificial1][NV-TNM] fold 2/5: 0.1s
    [Artificial1][NV-TNM] fold 3/5: 0.1s
    [Artificial1][NV-TNM] fold 4/5: 0.1s
    [Artificial1][NV-TNM] fold 5/5: 0.1s
  [NV-TNM] 0.3s
    [Artificial1][NV-NMPr] fold 1/5: 0.1s
    [Artificial1][NV-NMPr] fold 2/5: 0.1s
    [Artificial1][NV-NMPr] fold 3/5: 0.1s
    [Artificial1][NV-NMPr] fold 4/5: 0.1s
    [Artificial1][NV-NMPr] fold 5/5: 0.1s
  [NV-NMPr] 0.3s
    [Artificial1][NV-NMPa] fold 1/5: 0.1s
    [Artificial1][NV-NMPa] fold 2/5: 0.1s
    [Artificial1][NV-NMPa] fold 3/5: 0.1s
    [Artificial1][NV-NMPa] fold 4/5: 0.1s
    [Artificial1][NV-NMPa] fold 5/5: 0.1s
  [NV-NMPa] 0.3s
    [Artificial1][OB-P] fold 1/5: 0.1s
    [Artificial1][OB-P] fold 2/5: 0.0s
    [Artificial1][OB-P] fold 3/5: 0.1s
    [Artificial1][OB-P] fold 4/5: 0.1s
    [Artificial1][OB-P] fold 5/5: 0.1s
  [OB-P] 0.3s
    [Artificial1][OB-M] fold 1/5: 0.1s
    [Artificial1][OB-M] fold 2/5: 0.1s
    [Artificial1][OB-M] fold 3/5: 0.1s
    [Artificial1][OB-M] fold 4/5: 0.1s
    [Artificial1][OB-M] fold 5/5: 0.1s
  [OB-M] 0.3s
  [time] Artificial1 total: 7.8s

===== RQ3 LOG: Artificial5 =====
    [Artificial5][NE-NEPr] fold 1/5: 1.7s
    [Artificial5][NE-NEPr] fold 2/5: 1.6s
    [Artificial5][NE-NEPr] fold 3/5: 1.6s
    [Artificial5][NE-NEPr] fold 4/5: 1.6s
    [Artificial5][NE-NEPr] fold 5/5: 1.5s
  [NE-NEPr] 8.0s
    [Artificial5][NE-NPaA] fold 1/5: 0.3s
    [Artificial5][NE-NPaA] fold 2/5: 0.3s
    [Artificial5][NE-NPaA] fold 3/5: 0.3s
    [Artificial5][NE-NPaA] fold 4/5: 0.3s
    [Artificial5][NE-NPaA] fold 5/5: 0.3s
  [NE-NPaA] 1.4s
    [Artificial5][NE-NEPa] fold 1/5: 1.6s
    [Artificial5][NE-NEPa] fold 2/5: 1.6s
    [Artificial5][NE-NEPa] fold 3/5: 1.6s
    [Artificial5][NE-NEPa] fold 4/5: 1.6s
    [Artificial5][NE-NEPa] fold 5/5: 1.6s
  [NE-NEPa] 7.9s
    [Artificial5][NE-NPaM] fold 1/5: 0.2s
    [Artificial5][NE-NPaM] fold 2/5: 0.2s
    [Artificial5][NE-NPaM] fold 3/5: 0.2s
    [Artificial5][NE-NPaM] fold 4/5: 0.2s
    [Artificial5][NE-NPaM] fold 5/5: 0.2s
  [NE-NPaM] 1.1s
    [Artificial5][NE-NMPa] fold 1/5: 0.3s
    [Artificial5][NE-NMPa] fold 2/5: 0.3s
    [Artificial5][NE-NMPa] fold 3/5: 0.3s
    [Artificial5][NE-NMPa] fold 4/5: 0.3s
    [Artificial5][NE-NMPa] fold 5/5: 0.3s
  [NE-NMPa] 1.6s
    [Artificial5][NE-NMPr] fold 1/5: 0.7s
    [Artificial5][NE-NMPr] fold 2/5: 0.7s
    [Artificial5][NE-NMPr] fold 3/5: 0.7s
    [Artificial5][NE-NMPr] fold 4/5: 0.6s
    [Artificial5][NE-NMPr] fold 5/5: 0.6s
  [NE-NMPr] 3.3s
    [Artificial5][NV-PrT] fold 1/5: 0.1s
    [Artificial5][NV-PrT] fold 2/5: 0.1s
    [Artificial5][NV-PrT] fold 3/5: 0.1s
    [Artificial5][NV-PrT] fold 4/5: 0.1s
    [Artificial5][NV-PrT] fold 5/5: 0.1s
  [NV-PrT] 0.5s
    [Artificial5][NV-PaT] fold 1/5: 0.1s
    [Artificial5][NV-PaT] fold 2/5: 0.1s
    [Artificial5][NV-PaT] fold 3/5: 0.1s
    [Artificial5][NV-PaT] fold 4/5: 0.1s
    [Artificial5][NV-PaT] fold 5/5: 0.1s
  [NV-PaT] 0.5s
    [Artificial5][NV-TNE] fold 1/5: 0.1s
    [Artificial5][NV-TNE] fold 2/5: 0.1s
    [Artificial5][NV-TNE] fold 3/5: 0.1s
    [Artificial5][NV-TNE] fold 4/5: 0.1s
    [Artificial5][NV-TNE] fold 5/5: 0.1s
  [NV-TNE] 0.5s
    [Artificial5][NV-TNM] fold 1/5: 0.1s
    [Artificial5][NV-TNM] fold 2/5: 0.1s
    [Artificial5][NV-TNM] fold 3/5: 0.1s
    [Artificial5][NV-TNM] fold 4/5: 0.1s
    [Artificial5][NV-TNM] fold 5/5: 0.1s
  [NV-TNM] 0.5s
    [Artificial5][NV-NMPr] fold 1/5: 0.1s
    [Artificial5][NV-NMPr] fold 2/5: 0.1s
    [Artificial5][NV-NMPr] fold 3/5: 0.1s
    [Artificial5][NV-NMPr] fold 4/5: 0.1s
    [Artificial5][NV-NMPr] fold 5/5: 0.1s
  [NV-NMPr] 0.5s
    [Artificial5][NV-NMPa] fold 1/5: 0.1s
    [Artificial5][NV-NMPa] fold 2/5: 0.1s
    [Artificial5][NV-NMPa] fold 3/5: 0.1s
    [Artificial5][NV-NMPa] fold 4/5: 0.1s
    [Artificial5][NV-NMPa] fold 5/5: 0.1s
  [NV-NMPa] 0.5s
    [Artificial5][OB-P] fold 1/5: 0.1s
    [Artificial5][OB-P] fold 2/5: 0.1s
    [Artificial5][OB-P] fold 3/5: 0.1s
    [Artificial5][OB-P] fold 4/5: 0.1s
    [Artificial5][OB-P] fold 5/5: 0.1s
  [OB-P] 0.4s
    [Artificial5][OB-M] fold 1/5: 0.1s
    [Artificial5][OB-M] fold 2/5: 0.1s
    [Artificial5][OB-M] fold 3/5: 0.1s
    [Artificial5][OB-M] fold 4/5: 0.1s
    [Artificial5][OB-M] fold 5/5: 0.1s
  [OB-M] 0.3s
  [time] Artificial5 total: 29.1s

===== RQ3 LOG: Real4 =====
    [Real4][NE-NEPr] fold 1/5: 0.8s
    [Real4][NE-NEPr] fold 2/5: 0.8s
    [Real4][NE-NEPr] fold 3/5: 0.8s
    [Real4][NE-NEPr] fold 4/5: 0.8s
    [Real4][NE-NEPr] fold 5/5: 0.8s
  [NE-NEPr] 3.9s
    [Real4][NE-NPaA] fold 1/5: 0.2s
    [Real4][NE-NPaA] fold 2/5: 0.2s
    [Real4][NE-NPaA] fold 3/5: 0.2s
    [Real4][NE-NPaA] fold 4/5: 0.2s
    [Real4][NE-NPaA] fold 5/5: 0.2s
  [NE-NPaA] 0.9s
    [Real4][NE-NEPa] fold 1/5: 0.8s
    [Real4][NE-NEPa] fold 2/5: 0.8s
    [Real4][NE-NEPa] fold 3/5: 0.8s
    [Real4][NE-NEPa] fold 4/5: 0.8s
    [Real4][NE-NEPa] fold 5/5: 0.8s
  [NE-NEPa] 3.8s
    [Real4][NE-NPaM] fold 1/5: 0.1s
    [Real4][NE-NPaM] fold 2/5: 0.1s
    [Real4][NE-NPaM] fold 3/5: 0.1s
    [Real4][NE-NPaM] fold 4/5: 0.1s
    [Real4][NE-NPaM] fold 5/5: 0.1s
  [NE-NPaM] 0.6s
    [Real4][NE-NMPa] fold 1/5: 0.1s
    [Real4][NE-NMPa] fold 2/5: 0.1s
    [Real4][NE-NMPa] fold 3/5: 0.1s
    [Real4][NE-NMPa] fold 4/5: 0.1s
    [Real4][NE-NMPa] fold 5/5: 0.1s
  [NE-NMPa] 0.7s
    [Real4][NE-NMPr] fold 1/5: 0.2s
    [Real4][NE-NMPr] fold 2/5: 0.3s
    [Real4][NE-NMPr] fold 3/5: 0.3s
    [Real4][NE-NMPr] fold 4/5: 0.3s
    [Real4][NE-NMPr] fold 5/5: 0.2s
  [NE-NMPr] 1.3s
    [Real4][NV-PrT] fold 1/5: 0.1s
    [Real4][NV-PrT] fold 2/5: 0.1s
    [Real4][NV-PrT] fold 3/5: 0.1s
    [Real4][NV-PrT] fold 4/5: 0.1s
    [Real4][NV-PrT] fold 5/5: 0.1s
  [NV-PrT] 0.4s
    [Real4][NV-PaT] fold 1/5: 0.1s
    [Real4][NV-PaT] fold 2/5: 0.1s
    [Real4][NV-PaT] fold 3/5: 0.1s
    [Real4][NV-PaT] fold 4/5: 0.1s
    [Real4][NV-PaT] fold 5/5: 0.1s
  [NV-PaT] 0.4s
    [Real4][NV-TNE] fold 1/5: 0.1s
    [Real4][NV-TNE] fold 2/5: 0.1s
    [Real4][NV-TNE] fold 3/5: 0.1s
    [Real4][NV-TNE] fold 4/5: 0.1s
    [Real4][NV-TNE] fold 5/5: 0.1s
  [NV-TNE] 0.4s
    [Real4][NV-TNM] fold 1/5: 0.1s
    [Real4][NV-TNM] fold 2/5: 0.1s
    [Real4][NV-TNM] fold 3/5: 0.1s
    [Real4][NV-TNM] fold 4/5: 0.1s
    [Real4][NV-TNM] fold 5/5: 0.1s
  [NV-TNM] 0.4s
    [Real4][NV-NMPr] fold 1/5: 0.1s
    [Real4][NV-NMPr] fold 2/5: 0.1s
    [Real4][NV-NMPr] fold 3/5: 0.1s
    [Real4][NV-NMPr] fold 4/5: 0.1s
    [Real4][NV-NMPr] fold 5/5: 0.1s
  [NV-NMPr] 0.4s
    [Real4][NV-NMPa] fold 1/5: 0.1s
    [Real4][NV-NMPa] fold 2/5: 0.1s
    [Real4][NV-NMPa] fold 3/5: 0.1s
    [Real4][NV-NMPa] fold 4/5: 0.1s
    [Real4][NV-NMPa] fold 5/5: 0.1s
  [NV-NMPa] 0.4s
    [Real4][OB-P] fold 1/5: 0.1s
    [Real4][OB-P] fold 2/5: 0.1s
    [Real4][OB-P] fold 3/5: 0.1s
    [Real4][OB-P] fold 4/5: 0.1s
    [Real4][OB-P] fold 5/5: 0.0s
  [OB-P] 0.3s
    [Real4][OB-M] fold 1/5: 0.0s
    [Real4][OB-M] fold 2/5: 0.0s
    [Real4][OB-M] fold 3/5: 0.1s
    [Real4][OB-M] fold 4/5: 0.0s
    [Real4][OB-M] fold 5/5: 0.1s
  [OB-M] 0.2s
  [time] Real4 total: 15.5s
