
===== RQ3 LOG: Healthcare =====
    [Healthcare][NE-NEPr] fold 1/5: 2.3s
    [Healthcare][NE-NEPr] fold 2/5: 1.4s
    [Healthcare][NE-NEPr] fold 3/5: 1.4s
    [Healthcare][NE-NEPr] fold 4/5: 1.3s
    [Healthcare][NE-NEPr] fold 5/5: 1.3s
  [NE-NEPr] 7.7s
    [Healthcare][NE-NPaA] fold 1/5: 1.4s
    [Healthcare][NE-NPaA] fold 2/5: 1.3s
    [Healthcare][NE-NPaA] fold 3/5: 1.4s
    [Healthcare][NE-NPaA] fold 4/5: 1.3s
    [Healthcare][NE-NPaA] fold 5/5: 1.4s
  [NE-NPaA] 6.8s
    [Healthcare][NE-NEPa] fold 1/5: 1.4s
    [Healthcare][NE-NEPa] fold 2/5: 1.3s
    [Healthcare][NE-NEPa] fold 3/5: 1.4s
    [Healthcare][NE-NEPa] fold 4/5: 1.4s
    [Healthcare][NE-NEPa] fold 5/5: 1.4s
  [NE-NEPa] 6.8s
    [Healthcare][NE-NPaM] fold 1/5: 1.3s
    [Healthcare][NE-NPaM] fold 2/5: 1.3s
    [Healthcare][NE-NPaM] fold 3/5: 1.4s
    [Healthcare][NE-NPaM] fold 4/5: 1.4s
    [Healthcare][NE-NPaM] fold 5/5: 1.4s
  [NE-NPaM] 6.9s
    [Healthcare][NE-NMPa] fold 1/5: 1.2s
    [Healthcare][NE-NMPa] fold 2/5: 1.3s
    [Healthcare][NE-NMPa] fold 3/5: 1.2s
    [Healthcare][NE-NMPa] fold 4/5: 1.2s
    [Healthcare][NE-NMPa] fold 5/5: 1.3s
  [NE-NMPa] 6.3s
    [Healthcare][NE-NMPr] fold 1/5: 1.4s
    [Healthcare][NE-NMPr] fold 2/5: 1.5s
    [Healthcare][NE-NMPr] fold 3/5: 1.4s
    [Healthcare][NE-NMPr] fold 4/5: 1.4s
    [Healthcare][NE-NMPr] fold 5/5: 1.4s
  [NE-NMPr] 7.0s
    [Healthcare][NV-PrT] fold 1/5: 1.3s
    [Healthcare][NV-PrT] fold 2/5: 1.4s
    [Healthcare][NV-PrT] fold 3/5: 1.3s
    [Healthcare][NV-PrT] fold 4/5: 1.3s
    [Healthcare][NV-PrT] fold 5/5: 1.3s
  [NV-PrT] 6.7s
    [Healthcare][NV-PaT] fold 1/5: 1.4s
    [Healthcare][NV-PaT] fold 2/5: 1.3s
    [Healthcare][NV-PaT] fold 3/5: 1.4s
    [Healthcare][NV-PaT] fold 4/5: 1.3s
    [Healthcare][NV-PaT] fold 5/5: 1.4s
  [NV-PaT] 6.9s
    [Healthcare][NV-TNE] fold 1/5: 1.3s
    [Healthcare][NV-TNE] fold 2/5: 1.4s
    [Healthcare][NV-TNE] fold 3/5: 1.4s
    [Healthcare][NV-TNE] fold 4/5: 1.2s
    [Healthcare][NV-TNE] fold 5/5: 1.4s
  [NV-TNE] 6.6s
    [Healthcare][NV-TNM] fold 1/5: 1.3s
    [Healthcare][NV-TNM] fold 2/5: 1.4s
    [Healthcare][NV-TNM] fold 3/5: 1.5s
    [Healthcare][NV-TNM] fold 4/5: 1.4s
    [Healthcare][NV-TNM] fold 5/5: 1.2s
  [NV-TNM] 6.8s
    [Healthcare][NV-NMPr] fold 1/5: 1.5s
    [Healthcare][NV-NMPr] fold 2/5: 1.4s
    [Healthcare][NV-NMPr] fold 3/5: 1.3s
    [Healthcare][NV-NMPr] fold 4/5: 1.4s
    [Healthcare][NV-NMPr] fold 5/5: 1.3s
  [NV-NMPr] 6.9s
    [Healthcare][NV-NMPa] fold 1/5: 1.4s
    [Healthcare][NV-NMPa] fold 2/5: 1.4s
    [Healthcare][NV-NMPa] fold 3/5: 1.4s
    [Healthcare][NV-NMPa] fold 4/5: 1.3s
    [Healthcare][NV-NMPa] fold 5/5: 1.4s
  [NV-NMPa] 6.9s
    [Healthcare][OB-P] fold 1/5: 1.4s
    [Healthcare][OB-P] fold 2/5: 1.3s
    [Healthcare][OB-P] fold 3/5: 1.3s
    [Healthcare][OB-P] fold 4/5: 1.4s
    [Healthcare][OB-P] fold 5/5: 1.5s
  [OB-P] 6.9s
    [Healthcare][OB-M] fold 1/5: 0.0s
    [Healthcare][OB-M] fold 2/5: 0.0s
    [Healthcare][OB-M] fold 3/5: 0.0s
    [Healthcare][OB-M] fold 4/5: 0.0s
    [Healthcare][OB-M] fold 5/5: 0.0s
  [OB-M] 0.1s
  [time] Healthcare total: 91.5s

===== RQ3 LOG: Artificial1 =====
    [Artificial1][NE-NEPr] fold 1/5: 0.6s
    [Artificial1][NE-NEPr] fold 2/5: 0.6s
    [Artificial1][NE-NEPr] fold 3/5: 0.6s
    [Artificial1][NE-NEPr] fold 4/5: 0.6s
    [Artificial1][NE-NEPr] fold 5/5: 0.6s
  [NE-NEPr] 3.0s
    [Artificial1][NE-NPaA] fold 1/5: 0.6s
    [Artificial1][NE-NPaA] fold 2/5: 0.6s
    [Artificial1][NE-NPaA] fold 3/5: 0.6s
    [Artificial1][NE-NPaA] fold 4/5: 0.6s
    [Artificial1][NE-NPaA] fold 5/5: 0.6s
  [NE-NPaA] 2.9s
    [Artificial1][NE-NEPa] fold 1/5: 0.6s
    [Artificial1][NE-NEPa] fold 2/5: 0.6s
    [Artificial1][NE-NEPa] fold 3/5: 0.6s
    [Artificial1][NE-NEPa] fold 4/5: 0.6s
    [Artificial1][NE-NEPa] fold 5/5: 0.6s
  [NE-NEPa] 3.0s
    [Artificial1][NE-NPaM] fold 1/5: 0.0s
    [Artificial1][NE-NPaM] fold 2/5: 0.0s
    [Artificial1][NE-NPaM] fold 3/5: 0.0s
    [Artificial1][NE-NPaM] fold 4/5: 0.0s
    [Artificial1][NE-NPaM] fold 5/5: 0.0s
  [NE-NPaM] 0.1s
    [Artificial1][NE-NMPa] fold 1/5: 0.8s
    [Artificial1][NE-NMPa] fold 2/5: 0.8s
    [Artificial1][NE-NMPa] fold 3/5: 0.8s
    [Artificial1][NE-NMPa] fold 4/5: 0.8s
    [Artificial1][NE-NMPa] fold 5/5: 0.7s
  [NE-NMPa] 3.9s
    [Artificial1][NE-NMPr] fold 1/5: 0.8s
    [Artificial1][NE-NMPr] fold 2/5: 0.7s
    [Artificial1][NE-NMPr] fold 3/5: 0.7s
    [Artificial1][NE-NMPr] fold 4/5: 0.8s
    [Artificial1][NE-NMPr] fold 5/5: 0.8s
  [NE-NMPr] 3.8s
    [Artificial1][NV-PrT] fold 1/5: 0.5s
    [Artificial1][NV-PrT] fold 2/5: 0.6s
    [Artificial1][NV-PrT] fold 3/5: 0.6s
    [Artificial1][NV-PrT] fold 4/5: 0.5s
    [Artificial1][NV-PrT] fold 5/5: 0.6s
  [NV-PrT] 2.8s
    [Artificial1][NV-PaT] fold 1/5: 0.5s
    [Artificial1][NV-PaT] fold 2/5: 0.5s
    [Artificial1][NV-PaT] fold 3/5: 0.6s
    [Artificial1][NV-PaT] fold 4/5: 0.6s
    [Artificial1][NV-PaT] fold 5/5: 0.5s
  [NV-PaT] 2.8s
    [Artificial1][NV-TNE] fold 1/5: 0.6s
    [Artificial1][NV-TNE] fold 2/5: 0.5s
    [Artificial1][NV-TNE] fold 3/5: 0.6s
    [Artificial1][NV-TNE] fold 4/5: 0.5s
    [Artificial1][NV-TNE] fold 5/5: 0.6s
  [NV-TNE] 2.8s
    [Artificial1][NV-TNM] fold 1/5: 0.6s
    [Artificial1][NV-TNM] fold 2/5: 0.6s
    [Artificial1][NV-TNM] fold 3/5: 0.6s
    [Artificial1][NV-TNM] fold 4/5: 0.7s
    [Artificial1][NV-TNM] fold 5/5: 0.6s
  [NV-TNM] 3.2s
    [Artificial1][NV-NMPr] fold 1/5: 0.6s
    [Artificial1][NV-NMPr] fold 2/5: 0.5s
    [Artificial1][NV-NMPr] fold 3/5: 0.6s
    [Artificial1][NV-NMPr] fold 4/5: 0.6s
    [Artificial1][NV-NMPr] fold 5/5: 0.6s
  [NV-NMPr] 2.9s
    [Artificial1][NV-NMPa] fold 1/5: 0.5s
    [Artificial1][NV-NMPa] fold 2/5: 0.6s
    [Artificial1][NV-NMPa] fold 3/5: 0.5s
    [Artificial1][NV-NMPa] fold 4/5: 0.5s
    [Artificial1][NV-NMPa] fold 5/5: 0.6s
  [NV-NMPa] 2.8s
    [Artificial1][OB-P] fold 1/5: 0.6s
    [Artificial1][OB-P] fold 2/5: 0.6s
    [Artificial1][OB-P] fold 3/5: 0.6s
    [Artificial1][OB-P] fold 4/5: 0.6s
    [Artificial1][OB-P] fold 5/5: 0.6s
  [OB-P] 2.9s
    [Artificial1][OB-M] fold 1/5: 0.6s
    [Artificial1][OB-M] fold 2/5: 0.5s
    [Artificial1][OB-M] fold 3/5: 0.6s
    [Artificial1][OB-M] fold 4/5: 0.6s
    [Artificial1][OB-M] fold 5/5: 0.6s
  [OB-M] 2.9s
  [time] Artificial1 total: 40.1s

===== RQ3 LOG: Artificial5 =====
    [Artificial5][NE-NEPr] fold 1/5: 1.8s
    [Artificial5][NE-NEPr] fold 2/5: 1.8s
    [Artificial5][NE-NEPr] fold 3/5: 1.7s
    [Artificial5][NE-NEPr] fold 4/5: 1.9s
    [Artificial5][NE-NEPr] fold 5/5: 1.8s
  [NE-NEPr] 9.1s
    [Artificial5][NE-NPaA] fold 1/5: 1.8s
    [Artificial5][NE-NPaA] fold 2/5: 1.8s
    [Artificial5][NE-NPaA] fold 3/5: 1.8s
    [Artificial5][NE-NPaA] fold 4/5: 1.8s
    [Artificial5][NE-NPaA] fold 5/5: 1.8s
  [NE-NPaA] 9.1s
    [Artificial5][NE-NEPa] fold 1/5: 1.8s
    [Artificial5][NE-NEPa] fold 2/5: 1.7s
    [Artificial5][NE-NEPa] fold 3/5: 1.8s
    [Artificial5][NE-NEPa] fold 4/5: 1.8s
    [Artificial5][NE-NEPa] fold 5/5: 1.8s
  [NE-NEPa] 8.8s
    [Artificial5][NE-NPaM] fold 1/5: 1.7s
    [Artificial5][NE-NPaM] fold 2/5: 1.8s
    [Artificial5][NE-NPaM] fold 3/5: 1.7s
    [Artificial5][NE-NPaM] fold 4/5: 1.6s
    [Artificial5][NE-NPaM] fold 5/5: 1.7s
  [NE-NPaM] 8.5s
    [Artificial5][NE-NMPa] fold 1/5: 1.7s
    [Artificial5][NE-NMPa] fold 2/5: 1.8s
    [Artificial5][NE-NMPa] fold 3/5: 1.7s
    [Artificial5][NE-NMPa] fold 4/5: 1.8s
    [Artificial5][NE-NMPa] fold 5/5: 1.6s
  [NE-NMPa] 8.6s
    [Artificial5][NE-NMPr] fold 1/5: 1.7s
    [Artificial5][NE-NMPr] fold 2/5: 1.7s
    [Artificial5][NE-NMPr] fold 3/5: 1.8s
    [Artificial5][NE-NMPr] fold 4/5: 1.7s
    [Artificial5][NE-NMPr] fold 5/5: 1.8s
  [NE-NMPr] 8.7s
    [Artificial5][NV-PrT] fold 1/5: 1.8s
    [Artificial5][NV-PrT] fold 2/5: 1.6s
    [Artificial5][NV-PrT] fold 3/5: 1.8s
    [Artificial5][NV-PrT] fold 4/5: 1.7s
    [Artificial5][NV-PrT] fold 5/5: 1.7s
  [NV-PrT] 8.7s
    [Artificial5][NV-PaT] fold 1/5: 1.7s
    [Artificial5][NV-PaT] fold 2/5: 2.0s
    [Artificial5][NV-PaT] fold 3/5: 1.6s
    [Artificial5][NV-PaT] fold 4/5: 1.7s
    [Artificial5][NV-PaT] fold 5/5: 1.7s
  [NV-PaT] 8.7s
    [Artificial5][NV-TNE] fold 1/5: 1.9s
    [Artificial5][NV-TNE] fold 2/5: 1.9s
    [Artificial5][NV-TNE] fold 3/5: 1.8s
    [Artificial5][NV-TNE] fold 4/5: 1.7s
    [Artificial5][NV-TNE] fold 5/5: 1.7s
  [NV-TNE] 8.9s
    [Artificial5][NV-TNM] fold 1/5: 1.7s
    [Artificial5][NV-TNM] fold 2/5: 1.7s
    [Artificial5][NV-TNM] fold 3/5: 1.8s
    [Artificial5][NV-TNM] fold 4/5: 1.7s
    [Artificial5][NV-TNM] fold 5/5: 1.6s
  [NV-TNM] 8.6s
    [Artificial5][NV-NMPr] fold 1/5: 1.7s
    [Artificial5][NV-NMPr] fold 2/5: 1.8s
    [Artificial5][NV-NMPr] fold 3/5: 1.8s
    [Artificial5][NV-NMPr] fold 4/5: 1.8s
    [Artificial5][NV-NMPr] fold 5/5: 1.8s
  [NV-NMPr] 9.0s
    [Artificial5][NV-NMPa] fold 1/5: 1.8s
    [Artificial5][NV-NMPa] fold 2/5: 1.8s
    [Artificial5][NV-NMPa] fold 3/5: 1.8s
    [Artificial5][NV-NMPa] fold 4/5: 1.6s
    [Artificial5][NV-NMPa] fold 5/5: 1.8s
  [NV-NMPa] 8.8s
    [Artificial5][OB-P] fold 1/5: 1.8s
    [Artificial5][OB-P] fold 2/5: 1.7s
    [Artificial5][OB-P] fold 3/5: 1.7s
    [Artificial5][OB-P] fold 4/5: 2.0s
    [Artificial5][OB-P] fold 5/5: 1.8s
  [OB-P] 9.1s
    [Artificial5][OB-M] fold 1/5: 1.8s
    [Artificial5][OB-M] fold 2/5: 1.8s
    [Artificial5][OB-M] fold 3/5: 1.8s
    [Artificial5][OB-M] fold 4/5: 1.9s
    [Artificial5][OB-M] fold 5/5: 1.7s
  [OB-M] 9.1s
  [time] Artificial5 total: 125.6s

===== RQ3 LOG: Real4 =====
    [Real4][NE-NEPr] fold 1/5: 0.7s
    [Real4][NE-NEPr] fold 2/5: 0.7s
    [Real4][NE-NEPr] fold 3/5: 0.7s
    [Real4][NE-NEPr] fold 4/5: 0.7s
    [Real4][NE-NEPr] fold 5/5: 0.7s
  [NE-NEPr] 3.5s
    [Real4][NE-NPaA] fold 1/5: 0.7s
    [Real4][NE-NPaA] fold 2/5: 0.7s
    [Real4][NE-NPaA] fold 3/5: 0.7s
    [Real4][NE-NPaA] fold 4/5: 0.7s
    [Real4][NE-NPaA] fold 5/5: 0.7s
  [NE-NPaA] 3.6s
    [Real4][NE-NEPa] fold 1/5: 0.7s
    [Real4][NE-NEPa] fold 2/5: 0.7s
    [Real4][NE-NEPa] fold 3/5: 0.7s
    [Real4][NE-NEPa] fold 4/5: 0.7s
    [Real4][NE-NEPa] fold 5/5: 0.7s
  [NE-NEPa] 3.6s
    [Real4][NE-NPaM] fold 1/5: 0.8s
    [Real4][NE-NPaM] fold 2/5: 0.8s
    [Real4][NE-NPaM] fold 3/5: 0.9s
    [Real4][NE-NPaM] fold 4/5: 0.7s
    [Real4][NE-NPaM] fold 5/5: 0.8s
  [NE-NPaM] 4.0s
    [Real4][NE-NMPa] fold 1/5: 0.8s
    [Real4][NE-NMPa] fold 2/5: 0.9s
    [Real4][NE-NMPa] fold 3/5: 0.8s
    [Real4][NE-NMPa] fold 4/5: 0.7s
    [Real4][NE-NMPa] fold 5/5: 0.8s
  [NE-NMPa] 4.1s
    [Real4][NE-NMPr] fold 1/5: 0.7s
    [Real4][NE-NMPr] fold 2/5: 0.7s
    [Real4][NE-NMPr] fold 3/5: 0.7s
    [Real4][NE-NMPr] fold 4/5: 0.7s
    [Real4][NE-NMPr] fold 5/5: 0.7s
  [NE-NMPr] 3.5s
    [Real4][NV-PrT] fold 1/5: 0.7s
    [Real4][NV-PrT] fold 2/5: 0.7s
    [Real4][NV-PrT] fold 3/5: 0.7s
    [Real4][NV-PrT] fold 4/5: 0.7s
    [Real4][NV-PrT] fold 5/5: 0.7s
  [NV-PrT] 3.4s
    [Real4][NV-PaT] fold 1/5: 0.7s
    [Real4][NV-PaT] fold 2/5: 0.7s
    [Real4][NV-PaT] fold 3/5: 0.7s
    [Real4][NV-PaT] fold 4/5: 0.7s
    [Real4][NV-PaT] fold 5/5: 0.7s
  [NV-PaT] 3.5s
    [Real4][NV-TNE] fold 1/5: 0.7s
    [Real4][NV-TNE] fold 2/5: 0.7s
    [Real4][NV-TNE] fold 3/5: 0.7s
    [Real4][NV-TNE] fold 4/5: 0.7s
    [Real4][NV-TNE] fold 5/5: 0.7s
  [NV-TNE] 3.5s
    [Real4][NV-TNM] fold 1/5: 0.8s
    [Real4][NV-TNM] fold 2/5: 0.8s
    [Real4][NV-TNM] fold 3/5: 0.8s
    [Real4][NV-TNM] fold 4/5: 0.7s
    [Real4][NV-TNM] fold 5/5: 0.8s
  [NV-TNM] 3.8s
    [Real4][NV-NMPr] fold 1/5: 0.7s
    [Real4][NV-NMPr] fold 2/5: 0.7s
    [Real4][NV-NMPr] fold 3/5: 0.7s
    [Real4][NV-NMPr] fold 4/5: 0.7s
    [Real4][NV-NMPr] fold 5/5: 0.7s
  [NV-NMPr] 3.5s
    [Real4][NV-NMPa] fold 1/5: 0.7s
    [Real4][NV-NMPa] fold 2/5: 0.7s
    [Real4][NV-NMPa] fold 3/5: 0.7s
    [Real4][NV-NMPa] fold 4/5: 0.7s
    [Real4][NV-NMPa] fold 5/5: 0.7s
  [NV-NMPa] 3.4s
    [Real4][OB-P] fold 1/5: 0.7s
    [Real4][OB-P] fold 2/5: 0.7s
    [Real4][OB-P] fold 3/5: 0.7s
    [Real4][OB-P] fold 4/5: 0.7s
    [Real4][OB-P] fold 5/5: 0.7s
  [OB-P] 3.6s
    [Real4][OB-M] fold 1/5: 0.7s
    [Real4][OB-M] fold 2/5: 0.7s
    [Real4][OB-M] fold 3/5: 0.7s
    [Real4][OB-M] fold 4/5: 0.7s
    [Real4][OB-M] fold 5/5: 0.7s
  [OB-M] 3.5s
  [time] Real4 total: 51.7s
